Component: Arm Compiler for Embedded 6.19 Tool: armlink [5e73cb00]

==============================================================================

Section Cross References

    main.o(.text.main) refers to gpio.o(.text.init_led) for init_led
    main.o(.text.main) refers to gpio.o(.text.init_button) for init_button
    main.o(.text.main) refers to lpuart.o(.text.Clock_init) for Clock_init
    main.o(.text.main) refers to lpuart.o(.text.LPUART_init) for LPUART_init
    main.o(.text.main) refers to lspi.o(.text.LPSPI_init) for LPSPI_init
    main.o(.text.main) refers to softimer.o(.text.init_Systick) for init_Systick
    main.o(.text.main) refers to softimer.o(.text.init_softimer) for init_softimer
    main.o(.text.main) refers to lspi.o(.text.count_up) for count_up
    main.o(.text.main) refers to softimer.o(.text.Softtimer_Start) for Softtimer_Start
    main.o(.text.main) refers to gpio.o(.text.led_program) for led_program
    main.o(.text.main) refers to lspi.o(.text.setup_7led) for setup_7led
    main.o(.text.main) refers to lpuart.o(.data.receive_state) for receive_state
    main.o(.text.main) refers to lpuart.o(.text.check_CompleteReceive) for check_CompleteReceive
    main.o(.text.main) refers to lspi.o(.text.save) for save
    main.o(.text.main) refers to lspi.o(.text.check_error) for check_error
    main.o(.text.main) refers to lspi.o(.text.send_error) for send_error
    main.o(.text.main) refers to lspi.o(.bss.mode) for mode
    main.o(.text.main) refers to lspi.o(.text.send_to_7led) for send_to_7led
    main.o(.text.main) refers to softimer.o(.text.Softtimer_MainFunction) for Softtimer_MainFunction
    main.o(.text.main) refers to lspi.o(.text.is_time_to_alarm) for is_time_to_alarm
    main.o(.text.main) refers to softimer.o(.text.Stop_SoftimerMainFuction) for Stop_SoftimerMainFuction
    main.o(.ARM.exidx.text.main) refers to main.o(.text.main) for [Anonymous Symbol]
    lpuart.o(.ARM.exidx.text.LPUART_init) refers to lpuart.o(.text.LPUART_init) for [Anonymous Symbol]
    lpuart.o(.ARM.exidx.text.Clock_init) refers to lpuart.o(.text.Clock_init) for [Anonymous Symbol]
    lpuart.o(.text.LPUART1_RxTx_IRQHandler) refers to lpuart.o(.text.Uart_RxMainFunction) for Uart_RxMainFunction
    lpuart.o(.ARM.exidx.text.LPUART1_RxTx_IRQHandler) refers to lpuart.o(.text.LPUART1_RxTx_IRQHandler) for [Anonymous Symbol]
    lpuart.o(.text.Uart_RxMainFunction) refers to lpuart.o(.data._rx_buffer) for _rx_buffer
    lpuart.o(.text.Uart_RxMainFunction) refers to lpuart.o(.text.is_empty) for is_empty
    lpuart.o(.text.Uart_RxMainFunction) refers to lpuart.o(.data.receive_state) for receive_state
    lpuart.o(.ARM.exidx.text.Uart_RxMainFunction) refers to lpuart.o(.text.Uart_RxMainFunction) for [Anonymous Symbol]
    lpuart.o(.ARM.exidx.text.check_CompleteReceive) refers to lpuart.o(.text.check_CompleteReceive) for [Anonymous Symbol]
    lpuart.o(.text.ring_buffer_init) refers to lpuart.o(.data._rx_buffer) for _rx_buffer
    lpuart.o(.text.ring_buffer_init) refers to lpuart.o(.data.rx_buffer) for rx_buffer
    lpuart.o(.text.ring_buffer_init) refers to lpuart.o(.data._tx_buffer) for _tx_buffer
    lpuart.o(.text.ring_buffer_init) refers to lpuart.o(.data.tx_buffer) for tx_buffer
    lpuart.o(.ARM.exidx.text.ring_buffer_init) refers to lpuart.o(.text.ring_buffer_init) for [Anonymous Symbol]
    lpuart.o(.ARM.exidx.text.is_empty) refers to lpuart.o(.text.is_empty) for [Anonymous Symbol]
    lpuart.o(.ARM.exidx.text.is_full) refers to lpuart.o(.text.is_full) for [Anonymous Symbol]
    lpuart.o(.text.enqueue) refers to lpuart.o(.text.is_full) for is_full
    lpuart.o(.text.enqueue) refers to lpuart.o(.text.is_empty) for is_empty
    lpuart.o(.ARM.exidx.text.enqueue) refers to lpuart.o(.text.enqueue) for [Anonymous Symbol]
    lpuart.o(.ARM.exidx.text.dequeue) refers to lpuart.o(.text.dequeue) for [Anonymous Symbol]
    lpuart.o(.text.Transmit) refers to lpuart.o(.data.transmit_state) for transmit_state
    lpuart.o(.text.Transmit) refers to lpuart.o(.data._tx_buffer) for _tx_buffer
    lpuart.o(.text.Transmit) refers to lpuart.o(.text.enqueue) for enqueue
    lpuart.o(.ARM.exidx.text.Transmit) refers to lpuart.o(.text.Transmit) for [Anonymous Symbol]
    lpuart.o(.text.Uart_TxMainFunction) refers to lpuart.o(.data.transmit_state) for transmit_state
    lpuart.o(.text.Uart_TxMainFunction) refers to lpuart.o(.data._tx_buffer) for _tx_buffer
    lpuart.o(.text.Uart_TxMainFunction) refers to lpuart.o(.text.is_empty) for is_empty
    lpuart.o(.ARM.exidx.text.Uart_TxMainFunction) refers to lpuart.o(.text.Uart_TxMainFunction) for [Anonymous Symbol]
    lpuart.o(.data._rx_buffer) refers to lpuart.o(.data.rx_buffer) for rx_buffer
    lpuart.o(.data._tx_buffer) refers to lpuart.o(.data.tx_buffer) for tx_buffer
    lspi.o(.ARM.exidx.text.LPSPI_init) refers to lspi.o(.text.LPSPI_init) for [Anonymous Symbol]
    lspi.o(.ARM.exidx.text.LPSPI1_send_char) refers to lspi.o(.text.LPSPI1_send_char) for [Anonymous Symbol]
[...]
    lspi.o(.text.save) refers to lspi.o(.bss.mmm) for mmm
    lspi.o(.text.save) refers to lspi.o(.bss.sss) for sss
    lspi.o(.ARM.exidx.text.save) refers to lspi.o(.text.save) for [Anonymous Symbol]
    lspi.o(.text.check_error) refers to lspi.o(.bss.hh) for hh
    lspi.o(.text.check_error) refers to lspi.o(.bss.mm) for mm
    lspi.o(.text.check_error) refers to lspi.o(.bss.ss) for ss
    lspi.o(.text.check_error) refers to lspi.o(.bss.hhh) for hhh
    lspi.o(.text.check_error) refers to lspi.o(.bss.mmm) for mmm
    lspi.o(.text.check_error) refers to lspi.o(.bss.sss) for sss
    lspi.o(.ARM.exidx.text.check_error) refers to lspi.o(.text.check_error) for [Anonymous Symbol]
    lspi.o(.text.send_error) refers to lspi.o(.text.LPSPI1_send_char) for LPSPI1_send_char
    lspi.o(.ARM.exidx.text.send_error) refers to lspi.o(.text.send_error) for [Anonymous Symbol]
    lspi.o(.text.is_time_to_alarm) refers to lspi.o(.bss.hhh) for hhh
    lspi.o(.text.is_time_to_alarm) refers to lspi.o(.bss.mmm) for mmm
    lspi.o(.text.is_time_to_alarm) refers to lspi.o(.bss.sss) for sss
    lspi.o(.text.is_time_to_alarm) refers to lspi.o(.bss.mode) for mode
    lspi.o(.text.is_time_to_alarm) refers to lspi.o(.bss.hh) for hh
    lspi.o(.text.is_time_to_alarm) refers to lspi.o(.bss.mm) for mm
    lspi.o(.text.is_time_to_alarm) refers to lspi.o(.bss.ss) for ss
    lspi.o(.ARM.exidx.text.is_time_to_alarm) refers to lspi.o(.text.is_time_to_alarm) for [Anonymous Symbol]
    lspi.o(.text.count_up) refers to lspi.o(.bss.ss) for ss
    lspi.o(.text.count_up) refers to lspi.o(.bss.mm) for mm
    lspi.o(.text.count_up) refers to lspi.o(.bss.hh) for hh
    lspi.o(.ARM.exidx.text.count_up) refers to lspi.o(.text.count_up) for [Anonymous Symbol]
    lspi.o(.text.send_to_7led) refers to lspi.o(.bss.ss) for ss
    lspi.o(.text.send_to_7led) refers to lspi.o(.text.LPSPI1_send_char) for LPSPI1_send_char
    lspi.o(.text.send_to_7led) refers to lspi.o(.bss.mm) for mm
    lspi.o(.text.send_to_7led) refers to lspi.o(.bss.hh) for hh
    lspi.o(.ARM.exidx.text.send_to_7led) refers to lspi.o(.text.send_to_7led) for [Anonymous Symbol]
    softimer.o(.ARM.exidx.text.init_Systick) refers to softimer.o(.text.init_Systick) for [Anonymous Symbol]
    softimer.o(.text.SysTick_Handler) refers to softimer.o(.bss.TimeCountMs) for TimeCountMs
    softimer.o(.ARM.exidx.text.SysTick_Handler) refers to softimer.o(.text.SysTick_Handler) for [Anonymous Symbol]
    softimer.o(.text.init_softimer) refers to softimer.o(.bss.Timer) for Timer
    softimer.o(.ARM.exidx.text.init_softimer) refers to softimer.o(.text.init_softimer) for [Anonymous Symbol]
    softimer.o(.text.Softtimer_Start) refers to softimer.o(.bss.Timer) for Timer
    softimer.o(.text.Softtimer_Start) refers to softimer.o(.bss.TimeCountMs) for TimeCountMs
    softimer.o(.ARM.exidx.text.Softtimer_Start) refers to softimer.o(.text.Softtimer_Start) for [Anonymous Symbol]
    softimer.o(.text.Softtimer_Stop) refers to softimer.o(.bss.Timer) for Timer
    softimer.o(.ARM.exidx.text.Softtimer_Stop) refers to softimer.o(.text.Softtimer_Stop) for [Anonymous Symbol]
    softimer.o(.text.Softtimer_MainFunction) refers to softimer.o(.bss.Timer) for Timer
    softimer.o(.text.Softtimer_MainFunction) refers to softimer.o(.bss.TimeCountMs) for TimeCountMs
    softimer.o(.ARM.exidx.text.Softtimer_MainFunction) refers to softimer.o(.text.Softtimer_MainFunction) for [Anonymous Symbol]
    softimer.o(.text.Stop_SoftimerMainFuction) refers to softimer.o(.bss.Timer) for Timer
    softimer.o(.ARM.exidx.text.Stop_SoftimerMainFuction) refers to softimer.o(.text.Stop_SoftimerMainFuction) for [Anonymous Symbol]
    gpio.o(.ARM.exidx.text.init_led) refers to gpio.o(.text.init_led) for [Anonymous Symbol]
    gpio.o(.ARM.exidx.text.init_button) refers to gpio.o(.text.init_button) for [Anonymous Symbol]
    gpio.o(.ARM.exidx.text.turn_on_led) refers to gpio.o(.text.turn_on_led) for [Anonymous Symbol]
    gpio.o(.ARM.exidx.text.turn_off_led) refers to gpio.o(.text.turn_off_led) for [Anonymous Symbol]
    gpio.o(.ARM.exidx.text.GPIO_GetPinValue) refers to gpio.o(.text.GPIO_GetPinValue) for [Anonymous Symbol]
    gpio.o(.text.led_program) refers to gpio.o(.data.led_state) for led_state
    gpio.o(.text.led_program) refers to gpio.o(.text.turn_on_led) for turn_on_led
    gpio.o(.text.led_program) refers to gpio.o(.text.turn_off_led) for turn_off_led
    gpio.o(.ARM.exidx.text.led_program) refers to gpio.o(.text.led_program) for [Anonymous Symbol]
    gpio.o(.text.PORTC_IRQHandler) refers to lspi.o(.bss.hh) for hh
    gpio.o(.text.PORTC_IRQHandler) refers to lspi.o(.bss.mm) for mm
    gpio.o(.ARM.exidx.text.PORTC_IRQHandler) refers to gpio.o(.text.PORTC_IRQHandler) for [Anonymous Symbol]
    startup.o(.text.init_data_bss) refers to startup_s32k144.o(.text) for __RAM_VECTOR_TABLE_SIZE
    startup.o(.text.init_data_bss) refers to startup.o(.rodata.s_vectors) for s_vectors
    startup.o(.ARM.exidx.text.init_data_bss) refers to startup.o(.text.init_data_bss) for [Anonymous Symbol]
    startup_s32k144.o(.text) refers (Special) to main.o(.text.main) for main
    startup_s32k144.o(.text) refers to startup_s32k144.o(FlashConfig) for FlashConfig
    startup_s32k144.o(.text) refers to startup_s32k144.o(RESET) for __Vectors
    startup_s32k144.o(.text) refers to system_s32k144.o(.text.SystemInit) for SystemInit
    startup_s32k144.o(.text) refers to startup.o(.text.init_data_bss) for init_data_bss
    startup_s32k144.o(.text) refers to __main.o(!!!main) for __main
    startup_s32k144.o(RESET) refers (Special) to main.o(.text.main) for main
    startup_s32k144.o(RESET) refers to startup_s32k144.o(.text) for Reset_Handler
    startup_s32k144.o(RESET) refers to softimer.o(.text.SysTick_Handler) for SysTick_Handler
    startup_s32k144.o(RESET) refers to lpuart.o(.text.LPUART1_RxTx_IRQHandler) for LPUART1_RxTx_IRQHandler
    startup_s32k144.o(RESET) refers to gpio.o(.text.PORTC_IRQHandler) for PORTC_IRQHandler
    startup_s32k144.o(FlashConfig) refers (Special) to main.o(.text.main) for main
    system_s32k144.o(.ARM.exidx.text.SystemInit) refers to system_s32k144.o(.text.SystemInit) for [Anonymous Symbol]
    system_s32k144.o(.text.SystemCoreClockUpdate) refers to system_s32k144.o(.rodata.SystemCoreClockUpdate.fircFreq) for SystemCoreClockUpdate.fircFreq
    system_s32k144.o(.text.SystemCoreClockUpdate) refers to system_s32k144.o(.data.SystemCoreClock) for SystemCoreClock
    system_s32k144.o(.ARM.exidx.text.SystemCoreClockUpdate) refers to system_s32k144.o(.text.SystemCoreClockUpdate) for [Anonymous Symbol]
    system_s32k144.o(.ARM.exidx.text.SystemSoftwareReset) refers to system_s32k144.o(.text.SystemSoftwareReset) for [Anonymous Symbol]
    __main.o(!!!main) refers to __rtentry.o(.ARM.Collect$$rtentry$$00000000) for __rt_entry
    __rtentry.o(.ARM.Collect$$rtentry$$00000000) refers (Special) to __rtentry2.o(.ARM.Collect$$rtentry$$0000000A) for __rt_entry_li
    __rtentry.o(.ARM.Collect$$rtentry$$00000000) refers (Special) to __rtentry2.o(.ARM.Collect$$rtentry$$0000000D) for __rt_entry_main
    __rtentry.o(.ARM.Collect$$rtentry$$00000000) refers (Special) to __rtentry2.o(.ARM.Collect$$rtentry$$0000000C) for __rt_entry_postli_1
    __rtentry.o(.ARM.Collect$$rtentry$$00000000) refers (Special) to __rtentry2.o(.ARM.Collect$$rtentry$$00000009) for __rt_entry_postsh_1
    __rtentry.o(.ARM.Collect$$rtentry$$00000000) refers (Special) to __rtentry2.o(.ARM.Collect$$rtentry$$00000002) for __rt_entry_presh_1
    __rtentry.o(.ARM.Collect$$rtentry$$00000000) refers (Special) to __rtentry7.o(.ARM.Collect$$rtentry$$00000007) for __rt_entry_sh
    __rtentry2.o(.ARM.Collect$$rtentry$$00000008) refers to boardinit2.o(.text) for _platform_post_stackheap_init
    __rtentry2.o(.ARM.Collect$$rtentry$$0000000A) refers to libinit.o(.ARM.Collect$$libinit$$00000000) for __rt_lib_init
    __rtentry2.o(.ARM.Collect$$rtentry$$0000000B) refers to boardinit3.o(.text) for _platform_post_lib_init
    __rtentry2.o(.ARM.Collect$$rtentry$$0000000D) refers to main.o(.text.main) for main
    __rtentry2.o(.ARM.Collect$$rtentry$$0000000D) refers to exit.o(.text) for exit
    __rtentry2.o(.ARM.exidx) refers to __rtentry2.o(.ARM.Collect$$rtentry$$00000001) for .ARM.Collect$$rtentry$$00000001
    __rtentry2.o(.ARM.exidx) refers to __rtentry2.o(.ARM.Collect$$rtentry$$00000008) for .ARM.Collect$$rtentry$$00000008
    __rtentry2.o(.ARM.exidx) refers to __rtentry2.o(.ARM.Collect$$rtentry$$0000000A) for .ARM.Collect$$rtentry$$0000000A
    __rtentry2.o(.ARM.exidx) refers to __rtentry2.o(.ARM.Collect$$rtentry$$0000000B) for .ARM.Collect$$rtentry$$0000000B
    __rtentry2.o(.ARM.exidx) refers to __rtentry2.o(.ARM.Collect$$rtentry$$0000000D) for .ARM.Collect$$rtentry$$0000000D
    __rtentry4.o(.ARM.Collect$$rtentry$$00000004) refers to sys_stackheap_outer.o(.text) for __user_setup_stackheap
    __rtentry4.o(.ARM.exidx) refers to __rtentry4.o(.ARM.Collect$$rtentry$$00000004) for .ARM.Collect$$rtentry$$00000004
    __rtentry7.o(.ARM.Collect$$rtentry$$00000007) refers to __rtentry7.o(.ARM.Collect$$rtentry$$00002718) for __lit__00000000
    __rtentry7.o(__vectab_stack_and_reset_2_area) refers to __main.o(!!!main) for __main
    __rtentry7.o(.ARM.exidx) refers to __rtentry7.o(.ARM.Collect$$rtentry$$00000007) for .ARM.Collect$$rtentry$$00000007
    __rtentry7.o(.ARM.exidx) refers to __rtentry7.o(.ARM.Collect$$rtentry$$00002718) for .ARM.Collect$$rtentry$$00002718
    sys_stackheap_outer.o(.text) refers to libspace.o(.text) for __user_perproc_libspace
    sys_stackheap_outer.o(.text) refers to sys_stackheap.o(.text) for __user_initial_stackheap
    exit.o(.text) refers to rtexit.o(.ARM.Collect$$rtexit$$00000000) for __rt_exit
    libinit.o(.ARM.Collect$$libinit$$00000000) refers (Special) to libinit2.o(.ARM.Collect$$libinit$$00000030) for __rt_lib_init_alloca_1
    libinit.o(.ARM.Collect$$libinit$$00000000) refers (Special) to libinit2.o(.ARM.Collect$$libinit$$0000002E) for __rt_lib_init_argv_1
    libinit.o(.ARM.Collect$$libinit$$00000000) refers (Special) to libinit2.o(.ARM.Collect$$libinit$$0000001D) for __rt_lib_init_atexit_1
    libinit.o(.ARM.Collect$$libinit$$00000000) refers (Special) to libinit2.o(.ARM.Collect$$libinit$$00000023) for __rt_lib_init_clock_1
    libinit.o(.ARM.Collect$$libinit$$00000000) refers (Special) to libinit2.o(.ARM.Collect$$libinit$$00000034) for __rt_lib_init_cpp_1
    libinit.o(.ARM.Collect$$libinit$$00000000) refers (Special) to libinit2.o(.ARM.Collect$$libinit$$00000032) for __rt_lib_init_exceptions_1
    libinit.o(.ARM.Collect$$libinit$$00000000) refers (Special) to libinit2.o(.ARM.Collect$$libinit$$00000001) for __rt_lib_init_fp_1
    libinit.o(.ARM.Collect$$libinit$$00000000) refers (Special) to libinit2.o(.ARM.Collect$$libinit$$00000021) for __rt_lib_init_fp_trap_1
    libinit.o(.ARM.Collect$$libinit$$00000000) refers (Special) to libinit2.o(.ARM.Collect$$libinit$$00000025) for __rt_lib_init_getenv_1
    libinit.o(.ARM.Collect$$libinit$$00000000) refers (Special) to libinit2.o(.ARM.Collect$$libinit$$0000000C) for __rt_lib_init_heap_1
    libinit.o(.ARM.Collect$$libinit$$00000000) refers (Special) to libinit2.o(.ARM.Collect$$libinit$$00000013) for __rt_lib_init_lc_collate_1
    libinit.o(.ARM.Collect$$libinit$$00000000) refers (Special) to libinit2.o(.ARM.Collect$$libinit$$00000015) for __rt_lib_init_lc_ctype_1
    libinit.o(.ARM.Collect$$libinit$$00000000) refers (Special) to libinit2.o(.ARM.Collect$$libinit$$00000017) for __rt_lib_init_lc_monetary_1
    libinit.o(.ARM.Collect$$libinit$$00000000) refers (Special) to libinit2.o(.ARM.Collect$$libinit$$00000019) for __rt_lib_init_lc_numeric_1
    libinit.o(.ARM.Collect$$libinit$$00000000) refers (Special) to libinit2.o(.ARM.Collect$$libinit$$0000001B) for __rt_lib_init_lc_time_1
    libinit.o(.ARM.Collect$$libinit$$00000000) refers (Special) to libinit2.o(.ARM.Collect$$libinit$$00000006) for __rt_lib_init_preinit_1
    libinit.o(.ARM.Collect$$libinit$$00000000) refers (Special) to libinit2.o(.ARM.Collect$$libinit$$00000010) for __rt_lib_init_rand_1
    libinit.o(.ARM.Collect$$libinit$$00000000) refers (Special) to libinit2.o(.ARM.Collect$$libinit$$00000004) for __rt_lib_init_relocate_pie_1
    libinit.o(.ARM.Collect$$libinit$$00000000) refers (Special) to libinit2.o(.ARM.Collect$$libinit$$00000035) for __rt_lib_init_return
    libinit.o(.ARM.Collect$$libinit$$00000000) refers (Special) to libinit2.o(.ARM.Collect$$libinit$$0000001F) for __rt_lib_init_signal_1
    libinit.o(.ARM.Collect$$libinit$$00000000) refers (Special) to libinit2.o(.ARM.Collect$$libinit$$00000027) for __rt_lib_init_stdio_1
    libinit.o(.ARM.Collect$$libinit$$00000000) refers (Special) to libinit2.o(.ARM.Collect$$libinit$$0000000E) for __rt_lib_init_user_alloc_1
    libspace.o(.text) refers to libspace.o(.bss) for __libspace_start
    sys_stackheap.o(.text) refers (Special) to indicate_semi.o(.text) for __semihosting_library_function
    sys_stackheap.o(.text) refers to use_no_semi.o(.text) for __I$use$semihosting
    sys_stackheap_hlt.o(.text) refers (Special) to indicate_semi.o(.text) for __semihosting_library_function
    sys_stackheap_hlt.o(.text) refers to use_no_semi.o(.text) for __I$use$semihosting
    rtexit.o(.ARM.Collect$$rtexit$$00000000) refers (Special) to rtexit2.o(.ARM.Collect$$rtexit$$00000004) for __rt_exit_exit
    rtexit.o(.ARM.Collect$$rtexit$$00000000) refers (Special) to rtexit2.o(.ARM.Collect$$rtexit$$00000003) for __rt_exit_ls
    rtexit.o(.ARM.Collect$$rtexit$$00000000) refers (Special) to rtexit2.o(.ARM.Collect$$rtexit$$00000002) for __rt_exit_prels_1
    rtexit.o(.ARM.exidx) refers (Special) to rtexit2.o(.ARM.Collect$$rtexit$$00000004) for __rt_exit_exit
    rtexit.o(.ARM.exidx) refers (Special) to rtexit2.o(.ARM.Collect$$rtexit$$00000003) for __rt_exit_ls
    rtexit.o(.ARM.exidx) refers (Special) to rtexit2.o(.ARM.Collect$$rtexit$$00000002) for __rt_exit_prels_1
    rtexit.o(.ARM.exidx) refers to rtexit.o(.ARM.Collect$$rtexit$$00000000) for .ARM.Collect$$rtexit$$00000000
    libinit2.o(.ARM.Collect$$libinit$$00000001) refers to fpinit.o(x$fpl$fpinit) for _fp_init
    libinit2.o(.ARM.Collect$$libinit$$00000012) refers to libinit2.o(.ARM.Collect$$libinit$$00000011) for .ARM.Collect$$libinit$$00000011
    libinit2.o(.ARM.Collect$$libinit$$00000014) refers to libinit2.o(.ARM.Collect$$libinit$$00000011) for .ARM.Collect$$libinit$$00000011
    libinit2.o(.ARM.Collect$$libinit$$00000016) refers to libinit2.o(.ARM.Collect$$libinit$$00000011) for .ARM.Collect$$libinit$$00000011
    libinit2.o(.ARM.Collect$$libinit$$00000018) refers to libinit2.o(.ARM.Collect$$libinit$$00000011) for .ARM.Collect$$libinit$$00000011
    libinit2.o(.ARM.Collect$$libinit$$0000001A) refers to libinit2.o(.ARM.Collect$$libinit$$00000011) for .ARM.Collect$$libinit$$00000011
    libinit2.o(.ARM.Collect$$libinit$$00000028) refers to argv_veneer.o(.emb_text) for __ARM_argv_veneer
    libinit2.o(.ARM.Collect$$libinit$$00000029) refers to argv_veneer.o(.emb_text) for __ARM_argv_veneer
    libinit5.o(.ARM.Collect$$libinit$$0000000A) refers to libinit5.o(.ARM.Collect$$libinit$$0000271B) for __lit__00000000
    libinit5.o(.ARM.Collect$$libinit$$0000002C) refers to libinit5.o(.ARM.Collect$$libinit$$0000273D) for __lit__00000002
    libinit5.o(.ARM.Collect$$libinit$$0000002C) refers to argv_veneer.o(.emb_text) for __ARM_argv_veneer
    rtexit2.o(.ARM.Collect$$rtexit$$00000003) refers to libshutdown.o(.ARM.Collect$$libshutdown$$00000000) for __rt_lib_shutdown
    rtexit2.o(.ARM.Collect$$rtexit$$00000004) refers to sys_exit.o(.text) for _sys_exit
    rtexit2.o(.ARM.exidx) refers to rtexit2.o(.ARM.Collect$$rtexit$$00000001) for .ARM.Collect$$rtexit$$00000001
    rtexit2.o(.ARM.exidx) refers to rtexit2.o(.ARM.Collect$$rtexit$$00000003) for .ARM.Collect$$rtexit$$00000003
    rtexit2.o(.ARM.exidx) refers to rtexit2.o(.ARM.Collect$$rtexit$$00000004) for .ARM.Collect$$rtexit$$00000004
    argv_veneer.o(.emb_text) refers to no_argv.o(.text) for __ARM_get_argv
    sys_exit.o(.text) refers (Special) to use_no_semi.o(.text) for __I$use$semihosting
    sys_exit.o(.text) refers (Special) to indicate_semi.o(.text) for __semihosting_library_function
    sys_exit_hlt.o(.text) refers (Special) to use_no_semi.o(.text) for __I$use$semihosting
    sys_exit_hlt.o(.text) refers (Special) to indicate_semi.o(.text) for __semihosting_library_function
    _get_argv_nomalloc.o(.text) refers (Special) to hrguard.o(.text) for __heap_region$guard
    _get_argv_nomalloc.o(.text) refers to defsig_rtmem_outer.o(.text) for __rt_SIGRTMEM
    _get_argv_nomalloc.o(.text) refers to sys_command.o(.text) for _sys_command_string
    libshutdown.o(.ARM.Collect$$libshutdown$$00000000) refers (Special) to libshutdown2.o(.ARM.Collect$$libshutdown$$00000002) for __rt_lib_shutdown_cpp_1
    libshutdown.o(.ARM.Collect$$libshutdown$$00000000) refers (Special) to libshutdown2.o(.ARM.Collect$$libshutdown$$00000007) for __rt_lib_shutdown_fp_trap_1
    libshutdown.o(.ARM.Collect$$libshutdown$$00000000) refers (Special) to libshutdown2.o(.ARM.Collect$$libshutdown$$0000000F) for __rt_lib_shutdown_heap_1
    libshutdown.o(.ARM.Collect$$libshutdown$$00000000) refers (Special) to libshutdown2.o(.ARM.Collect$$libshutdown$$00000010) for __rt_lib_shutdown_return
    libshutdown.o(.ARM.Collect$$libshutdown$$00000000) refers (Special) to libshutdown2.o(.ARM.Collect$$libshutdown$$0000000A) for __rt_lib_shutdown_signal_1
    libshutdown.o(.ARM.Collect$$libshutdown$$00000000) refers (Special) to libshutdown2.o(.ARM.Collect$$libshutdown$$00000004) for __rt_lib_shutdown_stdio_1
    libshutdown.o(.ARM.Collect$$libshutdown$$00000000) refers (Special) to libshutdown2.o(.ARM.Collect$$libshutdown$$0000000C) for __rt_lib_shutdown_user_alloc_1
    sys_command.o(.text) refers (Special) to use_no_semi.o(.text) for __I$use$semihosting
    sys_command.o(.text) refers (Special) to indicate_semi.o(.text) for __semihosting_library_function
    sys_command_hlt.o(.text) refers (Special) to use_no_semi.o(.text) for __I$use$semihosting
    sys_command_hlt.o(.text) refers (Special) to indicate_semi.o(.text) for __semihosting_library_function
    defsig_rtmem_outer.o(.text) refers to defsig_rtmem_inner.o(.text) for __rt_SIGRTMEM_inner
    defsig_rtmem_outer.o(.text) refers to defsig_exit.o(.text) for __sig_exit
    defsig_rtmem_formal.o(.text) refers to rt_raise.o(.text) for __rt_raise
    rt_raise.o(.text) refers to __raise.o(.text) for __raise
    rt_raise.o(.text) refers to sys_exit.o(.text) for _sys_exit
    defsig_exit.o(.text) refers to sys_exit.o(.text) for _sys_exit
    defsig_rtmem_inner.o(.text) refers to defsig_general.o(.text) for __default_signal_display
    __raise.o(.text) refers to defsig.o(CL$$defsig) for __default_signal_handler
    defsig_general.o(.text) refers to sys_wrch.o(.text) for _ttywrch
    sys_wrch.o(.text) refers (Special) to use_no_semi.o(.text) for __I$use$semihosting
    sys_wrch.o(.text) refers (Special) to indicate_semi.o(.text) for __semihosting_library_function
    sys_wrch_hlt.o(.text) refers (Special) to use_no_semi.o(.text) for __I$use$semihosting
    sys_wrch_hlt.o(.text) refers (Special) to indicate_semi.o(.text) for __semihosting_library_function
    defsig.o(CL$$defsig) refers to defsig_rtmem_inner.o(.text) for __rt_SIGRTMEM_inner
    defsig_abrt_inner.o(.text) refers to defsig_general.o(.text) for __default_signal_display
    defsig_fpe_inner.o(.text) refers to defsig_general.o(.text) for __default_signal_display
    defsig_rtred_inner.o(.text) refers to defsig_general.o(.text) for __default_signal_display
    defsig_stak_inner.o(.text) refers to defsig_general.o(.text) for __default_signal_display
    defsig_pvfn_inner.o(.text) refers to defsig_general.o(.text) for __default_signal_display
    defsig_cppl_inner.o(.text) refers to defsig_general.o(.text) for __default_signal_display
    defsig_segv_inner.o(.text) refers to defsig_general.o(.text) for __default_signal_display
    defsig_other.o(.text) refers to defsig_general.o(.text) for __default_signal_display


==============================================================================

Removing Unused input sections from the image.

    Removing main.o(.text), (0 bytes).
    Removing main.o(.ARM.exidx.text.main), (8 bytes).
    Removing main.o(.ARM.use_no_argv), (4 bytes).
    Removing lpuart.o(.text), (0 bytes).
    Removing lpuart.o(.ARM.exidx.text.LPUART_init), (8 bytes).
    Removing lpuart.o(.ARM.exidx.text.Clock_init), (8 bytes).
    Removing lpuart.o(.ARM.exidx.text.LPUART1_RxTx_IRQHandler), (8 bytes).
    Removing lpuart.o(.ARM.exidx.text.Uart_RxMainFunction), (8 bytes).
    Removing lpuart.o(.ARM.exidx.text.check_CompleteReceive), (8 bytes).
    Removing lpuart.o(.text.ring_buffer_init), (38 bytes).
    Removing lpuart.o(.ARM.exidx.text.ring_buffer_init), (8 bytes).
    Removing lpuart.o(.ARM.exidx.text.is_empty), (8 bytes).
    Removing lpuart.o(.text.is_full), (48 bytes).
    Removing lpuart.o(.ARM.exidx.text.is_full), (8 bytes).
    Removing lpuart.o(.text.enqueue), (84 bytes).
    Removing lpuart.o(.ARM.exidx.text.enqueue), (8 bytes).
    Removing lpuart.o(.ARM.exidx.text.dequeue), (8 bytes).
    Removing lpuart.o(.text.Transmit), (84 bytes).
    Removing lpuart.o(.ARM.exidx.text.Transmit), (8 bytes).
    Removing lpuart.o(.text.Uart_TxMainFunction), (168 bytes).
    Removing lpuart.o(.ARM.exidx.text.Uart_TxMainFunction), (8 bytes).
    Removing lpuart.o(.data.tx_buffer), (72 bytes).
    Removing lpuart.o(.data._tx_buffer), (4 bytes).
    Removing lpuart.o(.data.transmit_state), (1 bytes).
    Removing lpuart.o(.bss.length), (4 bytes).
    Removing lspi.o(.text), (0 bytes).
    Removing lspi.o(.ARM.exidx.text.LPSPI_init), (8 bytes).
    Removing lspi.o(.ARM.exidx.text.LPSPI1_send_char), (8 bytes).
    Removing lspi.o(.text.LPSPI1_send_string), (36 bytes).
    Removing lspi.o(.ARM.exidx.text.LPSPI1_send_string), (8 bytes).
    Removing lspi.o(.ARM.exidx.text.setup_7led), (8 bytes).
    Removing lspi.o(.ARM.exidx.text.save), (8 bytes).
    Removing lspi.o(.ARM.exidx.text.check_error), (8 bytes).
    Removing lspi.o(.ARM.exidx.text.send_error), (8 bytes).
    Removing lspi.o(.ARM.exidx.text.is_time_to_alarm), (8 bytes).
    Removing lspi.o(.ARM.exidx.text.count_up), (8 bytes).
    Removing lspi.o(.ARM.exidx.text.send_to_7led), (8 bytes).
    Removing softimer.o(.text), (0 bytes).
    Removing softimer.o(.ARM.exidx.text.init_Systick), (8 bytes).
    Removing softimer.o(.ARM.exidx.text.SysTick_Handler), (8 bytes).
    Removing softimer.o(.ARM.exidx.text.init_softimer), (8 bytes).
    Removing softimer.o(.ARM.exidx.text.Softtimer_Start), (8 bytes).
    Removing softimer.o(.text.Softtimer_Stop), (30 bytes).
    Removing softimer.o(.ARM.exidx.text.Softtimer_Stop), (8 bytes).
    Removing softimer.o(.ARM.exidx.text.Softtimer_MainFunction), (8 bytes).
    Removing softimer.o(.ARM.exidx.text.Stop_SoftimerMainFuction), (8 bytes).
    Removing gpio.o(.text), (0 bytes).
    Removing gpio.o(.ARM.exidx.text.init_led), (8 bytes).
    Removing gpio.o(.ARM.exidx.text.init_button), (8 bytes).
    Removing gpio.o(.ARM.exidx.text.turn_on_led), (8 bytes).
    Removing gpio.o(.ARM.exidx.text.turn_off_led), (8 bytes).
    Removing gpio.o(.text.GPIO_GetPinValue), (36 bytes).
    Removing gpio.o(.ARM.exidx.text.GPIO_GetPinValue), (8 bytes).
    Removing gpio.o(.ARM.exidx.text.led_program), (8 bytes).
    Removing gpio.o(.ARM.exidx.text.PORTC_IRQHandler), (8 bytes).
    Removing gpio.o(.bss.button1), (4 bytes).
    Removing gpio.o(.bss.button2), (4 bytes).
    Removing startup.o(.text), (0 bytes).
    Removing startup.o(.ARM.exidx.text.init_data_bss), (8 bytes).
    Removing system_s32k144.o(.text), (0 bytes).
    Removing system_s32k144.o(.ARM.exidx.text.SystemInit), (8 bytes).
    Removing system_s32k144.o(.text.SystemCoreClockUpdate), (254 bytes).
    Removing system_s32k144.o(.ARM.exidx.text.SystemCoreClockUpdate), (8 bytes).
    Removing system_s32k144.o(.text.SystemSoftwareReset), (48 bytes).
    Removing system_s32k144.o(.ARM.exidx.text.SystemSoftwareReset), (8 bytes).
    Removing system_s32k144.o(.data.SystemCoreClock), (4 bytes).
    Removing system_s32k144.o(.rodata.SystemCoreClockUpdate.fircFreq), (4 bytes).

67 unused section(s) (total 1255 bytes) removed from the image.

==============================================================================

Image Symbol Table

    Local Symbols

    Symbol Name                              Value     Ov Type        Size  Object(Section)

    ../clib/angel/boardlib.s                 0x00000000   Number         0  boardinit1.o ABSOLUTE
    ../clib/angel/boardlib.s                 0x00000000   Number         0  boardinit2.o ABSOLUTE
    ../clib/angel/boardlib.s                 0x00000000   Number         0  boardinit3.o ABSOLUTE
    ../clib/angel/boardlib.s                 0x00000000   Number         0  boardshut.o ABSOLUTE
    ../clib/angel/handlers.s                 0x00000000   Number         0  __scatter_copy.o ABSOLUTE
    ../clib/angel/handlers.s                 0x00000000   Number         0  __scatter_zi.o ABSOLUTE
    ../clib/angel/kernel.s                   0x00000000   Number         0  __rtentry.o ABSOLUTE
    ../clib/angel/kernel.s                   0x00000000   Number         0  __rtentry2.o ABSOLUTE
    ../clib/angel/kernel.s                   0x00000000   Number         0  __rtentry4.o ABSOLUTE
    ../clib/angel/kernel.s                   0x00000000   Number         0  __rtentry7.o ABSOLUTE
    ../clib/angel/kernel.s                   0x00000000   Number         0  rtexit.o ABSOLUTE
    ../clib/angel/kernel.s                   0x00000000   Number         0  rtexit2.o ABSOLUTE
    ../clib/angel/rt.s                       0x00000000   Number         0  rt_raise.o ABSOLUTE
    ../clib/angel/scatter.s                  0x00000000   Number         0  __scatter.o ABSOLUTE
    ../clib/angel/startup.s                  0x00000000   Number         0  __main.o ABSOLUTE
    ../clib/angel/sys.s                      0x00000000   Number         0  sys_stackheap_outer.o ABSOLUTE
    ../clib/angel/sys.s                      0x00000000   Number         0  libspace.o ABSOLUTE
    ../clib/angel/sys.s                      0x00000000   Number         0  sys_stackheap.o ABSOLUTE
    ../clib/angel/sys.s                      0x00000000   Number         0  sys_stackheap_hlt.o ABSOLUTE
    ../clib/angel/sys.s                      0x00000000   Number         0  use_no_semi.o ABSOLUTE
    ../clib/angel/sys.s                      0x00000000   Number         0  indicate_semi.o ABSOLUTE
    ../clib/angel/sysapp.c                   0x00000000   Number         0  sys_exit.o ABSOLUTE
    ../clib/angel/sysapp.c                   0x00000000   Number         0  sys_exit_hlt.o ABSOLUTE
    ../clib/angel/sysapp.c                   0x00000000   Number         0  sys_command.o ABSOLUTE
    ../clib/angel/sysapp.c                   0x00000000   Number         0  sys_command_hlt.o ABSOLUTE
    ../clib/angel/sysapp.c                   0x00000000   Number         0  sys_wrch.o ABSOLUTE
    ../clib/angel/sysapp.c                   0x00000000   Number         0  sys_wrch_hlt.o ABSOLUTE
    ../clib/armsys.c                         0x00000000   Number         0  argv_veneer.o ABSOLUTE
    ../clib/armsys.c                         0x00000000   Number         0  argv_veneer.o ABSOLUTE
    ../clib/armsys.c                         0x00000000   Number         0  _get_argv_nomalloc.o ABSOLUTE
    ../clib/armsys.c                         0x00000000   Number         0  no_argv.o ABSOLUTE
    ../clib/heapalloc.c                      0x00000000   Number         0  hrguard.o ABSOLUTE
    ../clib/libinit.s                        0x00000000   Number         0  libinit.o ABSOLUTE
    ../clib/libinit.s                        0x00000000   Number         0  libinit2.o ABSOLUTE
    ../clib/libinit.s                        0x00000000   Number         0  libinit5.o ABSOLUTE
    ../clib/libinit.s                        0x00000000   Number         0  libshutdown.o ABSOLUTE
    ../clib/libinit.s                        0x00000000   Number         0  libshutdown2.o ABSOLUTE
    ../clib/signal.c                         0x00000000   Number         0  defsig_rtmem_outer.o ABSOLUTE
    ../clib/signal.c                         0x00000000   Number         0  defsig_rtmem_formal.o ABSOLUTE
    ../clib/signal.c                         0x00000000   Number         0  defsig_exit.o ABSOLUTE
    ../clib/signal.c                         0x00000000   Number         0  defsig_rtmem_inner.o ABSOLUTE
    ../clib/signal.c                         0x00000000   Number         0  __raise.o ABSOLUTE
    ../clib/signal.c                         0x00000000   Number         0  defsig_general.o ABSOLUTE
    ../clib/signal.c                         0x00000000   Number         0  defsig_abrt_inner.o ABSOLUTE
    ../clib/signal.c                         0x00000000   Number         0  defsig_fpe_inner.o ABSOLUTE
    ../clib/signal.c                         0x00000000   Number         0  defsig_rtred_inner.o ABSOLUTE
    ../clib/signal.c                         0x00000000   Number         0  defsig_stak_inner.o ABSOLUTE
    ../clib/signal.c                         0x00000000   Number         0  defsig_pvfn_inner.o ABSOLUTE
    ../clib/signal.c                         0x00000000   Number         0  defsig_cppl_inner.o ABSOLUTE
    ../clib/signal.c                         0x00000000   Number         0  defsig_segv_inner.o ABSOLUTE
    ../clib/signal.c                         0x00000000   Number         0  defsig_other.o ABSOLUTE
    ../clib/signal.s                         0x00000000   Number         0  defsig.o ABSOLUTE
    ../clib/stdlib.c                         0x00000000   Number         0  exit.o ABSOLUTE
    ../fplib/fpinit.s                        0x00000000   Number         0  fpinit.o ABSOLUTE
    GPIO.c                                   0x00000000   Number         0  gpio.o ABSOLUTE
    LPUART.c                                 0x00000000   Number         0  lpuart.o ABSOLUTE
    LSPI.c                                   0x00000000   Number         0  lspi.o ABSOLUTE
    RTE\Device\S32K144HAxxxLLx\startup_S32K144.S 0x00000000   Number         0  startup_s32k144.o ABSOLUTE
    Softimer.c                               0x00000000   Number         0  softimer.o ABSOLUTE
    dc.s                                     0x00000000   Number         0  dc.o ABSOLUTE
    main.c                                   0x00000000   Number         0  main.o ABSOLUTE
    startup.c                                0x00000000   Number         0  startup.o ABSOLUTE
    system_S32K144.c                         0x00000000   Number         0  system_s32k144.o ABSOLUTE
    RESET                                    0x00000000   Section      560  startup_s32k144.o(RESET)
    FlashConfig                              0x00000400   Section       16  startup_s32k144.o(FlashConfig)
    s_vectors                                0x00000410   Data           4  startup.o(.rodata.s_vectors)
    [Anonymous Symbol]                       0x00000410   Section        0  startup.o(.rodata.s_vectors)
    !!!main                                  0x00000414   Section        8  __main.o(!!!main)
    !!!scatter                               0x0000041c   Section       52  __scatter.o(!!!scatter)
    !!handler_copy                           0x00000450   Section       26  __scatter_copy.o(!!handler_copy)
    !!handler_zi                             0x0000046c   Section       28  __scatter_zi.o(!!handler_zi)
    .ARM.Collect$$libinit$$00000000          0x00000488   Section        2  libinit.o(.ARM.Collect$$libinit$$00000000)
    .ARM.Collect$$libinit$$00000001          0x0000048a   Section        4  libinit2.o(.ARM.Collect$$libinit$$00000001)
    .ARM.Collect$$libinit$$00000004          0x0000048e   Section        0  libinit2.o(.ARM.Collect$$libinit$$00000004)
    .ARM.Collect$$libinit$$00000006          0x0000048e   Section        0  libinit2.o(.ARM.Collect$$libinit$$00000006)
    .ARM.Collect$$libinit$$0000000C          0x0000048e   Section        0  libinit2.o(.ARM.Collect$$libinit$$0000000C)
    .ARM.Collect$$libinit$$0000000E          0x0000048e   Section        0  libinit2.o(.ARM.Collect$$libinit$$0000000E)
    .ARM.Collect$$libinit$$00000010          0x0000048e   Section        0  libinit2.o(.ARM.Collect$$libinit$$00000010)
    .ARM.Collect$$libinit$$00000013          0x0000048e   Section        0  libinit2.o(.ARM.Collect$$libinit$$00000013)
    .ARM.Collect$$libinit$$00000015          0x0000048e   Section        0  libinit2.o(.ARM.Collect$$libinit$$00000015)
    .ARM.Collect$$libinit$$00000017          0x0000048e   Section        0  libinit2.o(.ARM.Collect$$libinit$$00000017)
    .ARM.Collect$$libinit$$00000019          0x0000048e   Section        0  libinit2.o(.ARM.Collect$$libinit$$00000019)
    .ARM.Collect$$libinit$$0000001B          0x0000048e   Section        0  libinit2.o(.ARM.Collect$$libinit$$0000001B)
    .ARM.Collect$$libinit$$0000001D          0x0000048e   Section        0  libinit2.o(.ARM.Collect$$libinit$$0000001D)
    .ARM.Collect$$libinit$$0000001F          0x0000048e   Section        0  libinit2.o(.ARM.Collect$$libinit$$0000001F)
    .ARM.Collect$$libinit$$00000021          0x0000048e   Section        0  libinit2.o(.ARM.Collect$$libinit$$00000021)
    .ARM.Collect$$libinit$$00000023          0x0000048e   Section        0  libinit2.o(.ARM.Collect$$libinit$$00000023)
    .ARM.Collect$$libinit$$00000025          0x0000048e   Section        0  libinit2.o(.ARM.Collect$$libinit$$00000025)
    .ARM.Collect$$libinit$$00000027          0x0000048e   Section        0  libinit2.o(.ARM.Collect$$libinit$$00000027)
    .ARM.Collect$$libinit$$0000002E          0x0000048e   Section        0  libinit2.o(.ARM.Collect$$libinit$$0000002E)
    .ARM.Collect$$libinit$$00000030          0x0000048e   Section        0  libinit2.o(.ARM.Collect$$libinit$$00000030)
    .ARM.Collect$$libinit$$00000032          0x0000048e   Section        0  libinit2.o(.ARM.Collect$$libinit$$00000032)
    .ARM.Collect$$libinit$$00000034          0x0000048e   Section        0  libinit2.o(.ARM.Collect$$libinit$$00000034)
    .ARM.Collect$$libinit$$00000035          0x0000048e   Section        2  libinit2.o(.ARM.Collect$$libinit$$00000035)
    .ARM.Collect$$libshutdown$$00000000      0x00000490   Section        2  libshutdown.o(.ARM.Collect$$libshutdown$$00000000)
    .ARM.Collect$$libshutdown$$00000002      0x00000492   Section        0  libshutdown2.o(.ARM.Collect$$libshutdown$$00000002)
    .ARM.Collect$$libshutdown$$00000004      0x00000492   Section        0  libshutdown2.o(.ARM.Collect$$libshutdown$$00000004)
    .ARM.Collect$$libshutdown$$00000007      0x00000492   Section        0  libshutdown2.o(.ARM.Collect$$libshutdown$$00000007)
    .ARM.Collect$$libshutdown$$0000000A      0x00000492   Section        0  libshutdown2.o(.ARM.Collect$$libshutdown$$0000000A)
    .ARM.Collect$$libshutdown$$0000000C      0x00000492   Section        0  libshutdown2.o(.ARM.Collect$$libshutdown$$0000000C)
    .ARM.Collect$$libshutdown$$0000000F      0x00000492   Section        0  libshutdown2.o(.ARM.Collect$$libshutdown$$0000000F)
    .ARM.Collect$$libshutdown$$00000010      0x00000492   Section        2  libshutdown2.o(.ARM.Collect$$libshutdown$$00000010)
    .ARM.Collect$$rtentry$$00000000          0x00000494   Section        0  __rtentry.o(.ARM.Collect$$rtentry$$00000000)
    .ARM.Collect$$rtentry$$00000002          0x00000494   Section        0  __rtentry2.o(.ARM.Collect$$rtentry$$00000002)
    .ARM.Collect$$rtentry$$00000007          0x00000494   Section        4  __rtentry7.o(.ARM.Collect$$rtentry$$00000007)
    .ARM.Collect$$rtentry$$00000009          0x00000498   Section        0  __rtentry2.o(.ARM.Collect$$rtentry$$00000009)
    .ARM.Collect$$rtentry$$0000000A          0x00000498   Section        4  __rtentry2.o(.ARM.Collect$$rtentry$$0000000A)
    .ARM.Collect$$rtentry$$0000000C          0x0000049c   Section        0  __rtentry2.o(.ARM.Collect$$rtentry$$0000000C)
    .ARM.Collect$$rtentry$$0000000D          0x0000049c   Section        8  __rtentry2.o(.ARM.Collect$$rtentry$$0000000D)
    __lit__00000000                          0x000004a4   Data           4  __rtentry7.o(.ARM.Collect$$rtentry$$00002718)
    .ARM.Collect$$rtentry$$00002718          0x000004a4   Section        4  __rtentry7.o(.ARM.Collect$$rtentry$$00002718)
    .ARM.Collect$$rtexit$$00000000           0x000004a8   Section        2  rtexit.o(.ARM.Collect$$rtexit$$00000000)
    .ARM.Collect$$rtexit$$00000002           0x000004aa   Section        0  rtexit2.o(.ARM.Collect$$rtexit$$00000002)
    .ARM.Collect$$rtexit$$00000003           0x000004aa   Section        4  rtexit2.o(.ARM.Collect$$rtexit$$00000003)
    .ARM.Collect$$rtexit$$00000004           0x000004ae   Section        6  rtexit2.o(.ARM.Collect$$rtexit$$00000004)
    .text                                    0x000004b4   Section      156  startup_s32k144.o(.text)
    $v0                                      0x00000508   Number         0  startup_s32k144.o(.text)
    .text                                    0x00000550   Section        0  exit.o(.text)
    .text                                    0x00000562   Section        2  use_no_semi.o(.text)
    .text                                    0x00000564   Section        0  indicate_semi.o(.text)
    .text                                    0x00000564   Section        0  sys_exit.o(.text)
    [Anonymous Symbol]                       0x00000570   Section        0  lpuart.o(.text.Clock_init)
    [Anonymous Symbol]                       0x00000604   Section        0  lspi.o(.text.LPSPI1_send_char)
    [Anonymous Symbol]                       0x00000630   Section        0  lspi.o(.text.LPSPI_init)
    [Anonymous Symbol]                       0x0000070c   Section        0  lpuart.o(.text.LPUART1_RxTx_IRQHandler)
    [Anonymous Symbol]                       0x00000714   Section        0  lpuart.o(.text.LPUART_init)
    [Anonymous Symbol]                       0x000007c0   Section        0  gpio.o(.text.PORTC_IRQHandler)
    [Anonymous Symbol]                       0x00000828   Section        0  softimer.o(.text.Softtimer_MainFunction)
    [Anonymous Symbol]                       0x00000900   Section        0  softimer.o(.text.Softtimer_Start)
    [Anonymous Symbol]                       0x00000964   Section        0  softimer.o(.text.Stop_SoftimerMainFuction)
    [Anonymous Symbol]                       0x00000980   Section        0  softimer.o(.text.SysTick_Handler)
    [Anonymous Symbol]                       0x00000990   Section        0  system_s32k144.o(.text.SystemInit)
    [Anonymous Symbol]                       0x000009e4   Section        0  lpuart.o(.text.Uart_RxMainFunction)
    [Anonymous Symbol]                       0x00000a6c   Section        0  lpuart.o(.text.check_CompleteReceive)
    [Anonymous Symbol]                       0x00000aa0   Section        0  lspi.o(.text.check_error)
    [Anonymous Symbol]                       0x00000b14   Section        0  lspi.o(.text.count_up)
    [Anonymous Symbol]                       0x00000b84   Section        0  lpuart.o(.text.dequeue)
    [Anonymous Symbol]                       0x00000bac   Section        0  softimer.o(.text.init_Systick)
    [Anonymous Symbol]                       0x00000be0   Section        0  gpio.o(.text.init_button)
    [Anonymous Symbol]                       0x00000c5c   Section        0  startup.o(.text.init_data_bss)
    [Anonymous Symbol]                       0x00000cfc   Section        0  gpio.o(.text.init_led)
    [Anonymous Symbol]                       0x00000d64   Section        0  softimer.o(.text.init_softimer)
    [Anonymous Symbol]                       0x00000dbc   Section        0  lpuart.o(.text.is_empty)
    [Anonymous Symbol]                       0x00000de8   Section        0  lspi.o(.text.is_time_to_alarm)
    [Anonymous Symbol]                       0x00000e88   Section        0  gpio.o(.text.led_program)
    [Anonymous Symbol]                       0x00000f28   Section        0  main.o(.text.main)
    [Anonymous Symbol]                       0x00001008   Section        0  lspi.o(.text.save)
    [Anonymous Symbol]                       0x00001238   Section        0  lspi.o(.text.send_error)
    [Anonymous Symbol]                       0x00001268   Section        0  lspi.o(.text.send_to_7led)
    [Anonymous Symbol]                       0x00001328   Section        0  lspi.o(.text.setup_7led)
    [Anonymous Symbol]                       0x000013a4   Section        0  gpio.o(.text.turn_off_led)
    [Anonymous Symbol]                       0x000013c4   Section        0  gpio.o(.text.turn_on_led)
    $v0                                      0x000013e2   Number         0  fpinit.o(x$fpl$fpinit)
    x$fpl$fpinit                             0x000013e2   Section       26  fpinit.o(x$fpl$fpinit)
    TimeCountMs                              0x20000000   Data           4  softimer.o(.bss.TimeCountMs)
    [Anonymous Symbol]                       0x20000000   Section        0  softimer.o(.bss.TimeCountMs)
    Timer                                    0x20000004   Data          80  softimer.o(.bss.Timer)
    [Anonymous Symbol]                       0x20000004   Section        0  softimer.o(.bss.Timer)

    Global Symbols

    Symbol Name                              Value     Ov Type        Size  Object(Section)

    BuildAttributes$$THM_ISAv4$E$P$D$K$B$S$7EM$VFPi3$EXTD16$VFPS$VFMA$PE$A:L22UL41UL21$X:L11$S22US41US21$IEEE1$IW$~IW$USESV6$~STKCKD$USESV7$~SHL$OSPACE$ROPI$EBA8$UX$STANDARDLIB$REQ8$PRES8$EABIv2 0x00000000   Number         0  anon$$obj.o ABSOLUTE
    Image$$RW_m_code$$Length                 0x00000000   Number         0  anon$$obj.o ABSOLUTE
    Image$$VECTOR_RAM$$Length                0x00000000   Number         0  anon$$obj.o ABSOLUTE
    Image$$VECTOR_ROM$$Base                  0x00000000   Number         0  anon$$obj.o ABSOLUTE
    __Vectors                                0x00000000   Data           4  startup_s32k144.o(RESET)
    Image$$ZI$$Limit                          - Undefined Weak Reference
    __ARM_exceptions_init                     - Undefined Weak Reference
    __alloca_initialize                       - Undefined Weak Reference
    __arm_preinit_                            - Undefined Weak Reference
    __arm_relocate_pie_                       - Undefined Weak Reference
    __cpp_initialize__aeabi_                  - Undefined Weak Reference
    __cxa_finalize                            - Undefined Weak Reference
    __rt_locale                               - Undefined Weak Reference
    __sigvec_lookup                           - Undefined Weak Reference
    _atexit_init                              - Undefined Weak Reference
    _call_atexit_fns                          - Undefined Weak Reference
    _clock_init                               - Undefined Weak Reference
    _fp_trap_init                             - Undefined Weak Reference
    _fp_trap_shutdown                         - Undefined Weak Reference
    _get_lc_collate                           - Undefined Weak Reference
    _get_lc_ctype                             - Undefined Weak Reference
    _get_lc_monetary                          - Undefined Weak Reference
    _get_lc_numeric                           - Undefined Weak Reference
    _get_lc_time                              - Undefined Weak Reference
    _getenv_init                              - Undefined Weak Reference
    _handle_redirection                       - Undefined Weak Reference
    _init_alloc                               - Undefined Weak Reference
    _init_user_alloc                          - Undefined Weak Reference
    _initio                                   - Undefined Weak Reference
    _rand_init                                - Undefined Weak Reference
    _signal_finish                            - Undefined Weak Reference
    _signal_init                              - Undefined Weak Reference
    _terminate_alloc                          - Undefined Weak Reference
    _terminate_user_alloc                     - Undefined Weak Reference
    _terminateio                              - Undefined Weak Reference
    Image$$RW_m_data$$Length                 0x00000054   Number         0  anon$$obj.o ABSOLUTE
    Image$$VECTOR_ROM$$Length                0x00000230   Number         0  anon$$obj.o ABSOLUTE
    Image$$VECTOR_ROM$$Limit                 0x00000230   Number         0  anon$$obj.o ABSOLUTE
    Image$$ER_m_text_const$$Base             0x00000410   Number         0  anon$$obj.o ABSOLUTE
    Image$$ER_m_text_const$$Limit            0x00000414   Number         0  anon$$obj.o ABSOLUTE
    __main                                   0x00000415   Thumb Code     8  __main.o(!!!main)
    __scatterload                            0x0000041d   Thumb Code     0  __scatter.o(!!!scatter)
    __scatterload_rt2                        0x0000041d   Thumb Code    44  __scatter.o(!!!scatter)
    __scatterload_rt2_thumb_only             0x0000041d   Thumb Code     0  __scatter.o(!!!scatter)
    __scatterload_null                       0x0000042b   Thumb Code     0  __scatter.o(!!!scatter)
    __scatterload_copy                       0x00000451   Thumb Code    26  __scatter_copy.o(!!handler_copy)
    __scatterload_zeroinit                   0x0000046d   Thumb Code    28  __scatter_zi.o(!!handler_zi)
    __rt_lib_init                            0x00000489   Thumb Code     0  libinit.o(.ARM.Collect$$libinit$$00000000)
    __rt_lib_init_fp_1                       0x0000048b   Thumb Code     0  libinit2.o(.ARM.Collect$$libinit$$00000001)
    __rt_lib_init_alloca_1                   0x0000048f   Thumb Code     0  libinit2.o(.ARM.Collect$$libinit$$00000030)
    __rt_lib_init_argv_1                     0x0000048f   Thumb Code     0  libinit2.o(.ARM.Collect$$libinit$$0000002E)
    __rt_lib_init_atexit_1                   0x0000048f   Thumb Code     0  libinit2.o(.ARM.Collect$$libinit$$0000001D)
    __rt_lib_init_clock_1                    0x0000048f   Thumb Code     0  libinit2.o(.ARM.Collect$$libinit$$00000023)
    __rt_lib_init_cpp_1                      0x0000048f   Thumb Code     0  libinit2.o(.ARM.Collect$$libinit$$00000034)
    __rt_lib_init_exceptions_1               0x0000048f   Thumb Code     0  libinit2.o(.ARM.Collect$$libinit$$00000032)
    __rt_lib_init_fp_trap_1                  0x0000048f   Thumb Code     0  libinit2.o(.ARM.Collect$$libinit$$00000021)
    __rt_lib_init_getenv_1                   0x0000048f   Thumb Code     0  libinit2.o(.ARM.Collect$$libinit$$00000025)
    __rt_lib_init_heap_1                     0x0000048f   Thumb Code     0  libinit2.o(.ARM.Collect$$libinit$$0000000C)
    __rt_lib_init_lc_collate_1               0x0000048f   Thumb Code     0  libinit2.o(.ARM.Collect$$libinit$$00000013)
    __rt_lib_init_lc_ctype_1                 0x0000048f   Thumb Code     0  libinit2.o(.ARM.Collect$$libinit$$00000015)
    __rt_lib_init_lc_monetary_1              0x0000048f   Thumb Code     0  libinit2.o(.ARM.Collect$$libinit$$00000017)
    __rt_lib_init_lc_numeric_1               0x0000048f   Thumb Code     0  libinit2.o(.ARM.Collect$$libinit$$00000019)
    __rt_lib_init_lc_time_1                  0x0000048f   Thumb Code     0  libinit2.o(.ARM.Collect$$libinit$$0000001B)
    __rt_lib_init_preinit_1                  0x0000048f   Thumb Code     0  libinit2.o(.ARM.Collect$$libinit$$00000006)
    __rt_lib_init_rand_1                     0x0000048f   Thumb Code     0  libinit2.o(.ARM.Collect$$libinit$$00000010)
    __rt_lib_init_relocate_pie_1             0x0000048f   Thumb Code     0  libinit2.o(.ARM.Collect$$libinit$$00000004)
    __rt_lib_init_return                     0x0000048f   Thumb Code     0  libinit2.o(.ARM.Collect$$libinit$$00000035)
    __rt_lib_init_signal_1                   0x0000048f   Thumb Code     0  libinit2.o(.ARM.Collect$$libinit$$0000001F)
    __rt_lib_init_stdio_1                    0x0000048f   Thumb Code     0  libinit2.o(.ARM.Collect$$libinit$$00000027)
    __rt_lib_init_user_alloc_1               0x0000048f   Thumb Code     0  libinit2.o(.ARM.Collect$$libinit$$0000000E)
    __rt_lib_shutdown                        0x00000491   Thumb Code     0  libshutdown.o(.ARM.Collect$$libshutdown$$00000000)
    __rt_lib_shutdown_cpp_1                  0x00000493   Thumb Code     0  libshutdown2.o(.ARM.Collect$$libshutdown$$00000002)
    __rt_lib_shutdown_fp_trap_1              0x00000493   Thumb Code     0  libshutdown2.o(.ARM.Collect$$libshutdown$$00000007)
    __rt_lib_shutdown_heap_1                 0x00000493   Thumb Code     0  libshutdown2.o(.ARM.Collect$$libshutdown$$0000000F)
    __rt_lib_shutdown_return                 0x00000493   Thumb Code     0  libshutdown2.o(.ARM.Collect$$libshutdown$$00000010)
    __rt_lib_shutdown_signal_1               0x00000493   Thumb Code     0  libshutdown2.o(.ARM.Collect$$libshutdown$$0000000A)
    __rt_lib_shutdown_stdio_1                0x00000493   Thumb Code     0  libshutdown2.o(.ARM.Collect$$libshutdown$$00000004)
    __rt_lib_shutdown_user_alloc_1           0x00000493   Thumb Code     0  libshutdown2.o(.ARM.Collect$$libshutdown$$0000000C)
    __rt_entry                               0x00000495   Thumb Code     0  __rtentry.o(.ARM.Collect$$rtentry$$00000000)
    __rt_entry_presh_1                       0x00000495   Thumb Code     0  __rtentry2.o(.ARM.Collect$$rtentry$$00000002)
    __rt_entry_sh                            0x00000495   Thumb Code     0  __rtentry7.o(.ARM.Collect$$rtentry$$00000007)
    __rt_entry_li                            0x00000499   Thumb Code     0  __rtentry2.o(.ARM.Collect$$rtentry$$0000000A)
    __rt_entry_postsh_1                      0x00000499   Thumb Code     0  __rtentry2.o(.ARM.Collect$$rtentry$$00000009)
    __rt_entry_main                          0x0000049d   Thumb Code     0  __rtentry2.o(.ARM.Collect$$rtentry$$0000000D)
    __rt_entry_postli_1                      0x0000049d   Thumb Code     0  __rtentry2.o(.ARM.Collect$$rtentry$$0000000C)
    __rt_exit                                0x000004a9   Thumb Code     0  rtexit.o(.ARM.Collect$$rtexit$$00000000)
    __rt_exit_ls                             0x000004ab   Thumb Code     0  rtexit2.o(.ARM.Collect$$rtexit$$00000003)
    __rt_exit_prels_1                        0x000004ab   Thumb Code     0  rtexit2.o(.ARM.Collect$$rtexit$$00000002)
    __rt_exit_exit                           0x000004af   Thumb Code     0  rtexit2.o(.ARM.Collect$$rtexit$$00000004)
    __RAM_VECTOR_TABLE_SIZE                  0x000004b4   Data           4  startup_s32k144.o(.text)
    __VECTOR_RAM                             0x000004b8   Data           4  startup_s32k144.o(.text)
    __VECTOR_ROM                             0x000004bc   Data           4  startup_s32k144.o(.text)
    __VECTOR_ROM_START                       0x000004c0   Data           4  startup_s32k144.o(.text)
    __VECTOR_ROM_END                         0x000004c4   Data           4  startup_s32k144.o(.text)
    __CODE_ROM                               0x000004c8   Data           4  startup_s32k144.o(.text)
    __CODE_END                               0x000004cc   Data           4  startup_s32k144.o(.text)
    __CODE_RAM                               0x000004d0   Data           4  startup_s32k144.o(.text)
    __CODE_RAM_START                         0x000004d4   Data           4  startup_s32k144.o(.text)
    __CODE_RAM_END                           0x000004d8   Data           4  startup_s32k144.o(.text)
    __BSS_START                              0x000004dc   Data           4  startup_s32k144.o(.text)
    __BSS_END                                0x000004e0   Data           4  startup_s32k144.o(.text)
    __DATA_RAM                               0x000004e4   Data           4  startup_s32k144.o(.text)
    __DATA_RAM_START                         0x000004e8   Data           4  startup_s32k144.o(.text)
    __DATA_RAM_END                           0x000004ec   Data           4  startup_s32k144.o(.text)
    __DATA_ROM                               0x000004f0   Data           4  startup_s32k144.o(.text)
    __DATA_END                               0x000004f4   Data           4  startup_s32k144.o(.text)
    __CUSTOM_SECTION_START                   0x000004f8   Data           4  startup_s32k144.o(.text)
    __CUSTOM_SECTION_END                     0x000004fc   Data           4  startup_s32k144.o(.text)
    __RAM_START                              0x00000500   Data           4  startup_s32k144.o(.text)
    __RAM_END                                0x00000504   Data           4  startup_s32k144.o(.text)
    Reset_Handler                            0x00000509   Thumb Code    28  startup_s32k144.o(.text)
    NMI_Handler                              0x00000525   Thumb Code     2  startup_s32k144.o(.text)
    HardFault_Handler                        0x00000527   Thumb Code     2  startup_s32k144.o(.text)
    MemManage_Handler                        0x00000529   Thumb Code     2  startup_s32k144.o(.text)
    BusFault_Handler                         0x0000052b   Thumb Code     2  startup_s32k144.o(.text)
    UsageFault_Handler                       0x0000052d   Thumb Code     2  startup_s32k144.o(.text)
    SVC_Handler                              0x0000052f   Thumb Code     2  startup_s32k144.o(.text)
    DebugMon_Handler                         0x00000531   Thumb Code     2  startup_s32k144.o(.text)
    PendSV_Handler                           0x00000533   Thumb Code     2  startup_s32k144.o(.text)
    DefaultISR                               0x00000537   Thumb Code     2  startup_s32k144.o(.text)
    ADC0_IRQHandler                          0x00000539   Thumb Code     0  startup_s32k144.o(.text)
    ADC1_IRQHandler                          0x00000539   Thumb Code     0  startup_s32k144.o(.text)
    CAN0_Error_IRQHandler                    0x00000539   Thumb Code     0  startup_s32k144.o(.text)
    CAN0_ORed_0_15_MB_IRQHandler             0x00000539   Thumb Code     0  startup_s32k144.o(.text)
    CAN0_ORed_16_31_MB_IRQHandler            0x00000539   Thumb Code     0  startup_s32k144.o(.text)
    CAN0_ORed_IRQHandler                     0x00000539   Thumb Code     0  startup_s32k144.o(.text)
    CAN0_Wake_Up_IRQHandler                  0x00000539   Thumb Code     0  startup_s32k144.o(.text)
    CAN1_Error_IRQHandler                    0x00000539   Thumb Code     0  startup_s32k144.o(.text)
    CAN1_ORed_0_15_MB_IRQHandler             0x00000539   Thumb Code     0  startup_s32k144.o(.text)
    CAN1_ORed_IRQHandler                     0x00000539   Thumb Code     0  startup_s32k144.o(.text)
    CAN2_Error_IRQHandler                    0x00000539   Thumb Code     0  startup_s32k144.o(.text)
    CAN2_ORed_0_15_MB_IRQHandler             0x00000539   Thumb Code     0  startup_s32k144.o(.text)
    CAN2_ORed_IRQHandler                     0x00000539   Thumb Code     0  startup_s32k144.o(.text)
    CMP0_IRQHandler                          0x00000539   Thumb Code     0  startup_s32k144.o(.text)
    DMA0_IRQHandler                          0x00000539   Thumb Code     0  startup_s32k144.o(.text)
    DMA10_IRQHandler                         0x00000539   Thumb Code     0  startup_s32k144.o(.text)
    DMA11_IRQHandler                         0x00000539   Thumb Code     0  startup_s32k144.o(.text)
    DMA12_IRQHandler                         0x00000539   Thumb Code     0  startup_s32k144.o(.text)
    DMA13_IRQHandler                         0x00000539   Thumb Code     0  startup_s32k144.o(.text)
    DMA14_IRQHandler                         0x00000539   Thumb Code     0  startup_s32k144.o(.text)
    DMA15_IRQHandler                         0x00000539   Thumb Code     0  startup_s32k144.o(.text)
    DMA1_IRQHandler                          0x00000539   Thumb Code     0  startup_s32k144.o(.text)
    DMA2_IRQHandler                          0x00000539   Thumb Code     0  startup_s32k144.o(.text)
    DMA3_IRQHandler                          0x00000539   Thumb Code     0  startup_s32k144.o(.text)
    DMA4_IRQHandler                          0x00000539   Thumb Code     0  startup_s32k144.o(.text)
    DMA5_IRQHandler                          0x00000539   Thumb Code     0  startup_s32k144.o(.text)
    DMA6_IRQHandler                          0x00000539   Thumb Code     0  startup_s32k144.o(.text)
    DMA7_IRQHandler                          0x00000539   Thumb Code     0  startup_s32k144.o(.text)
    DMA8_IRQHandler                          0x00000539   Thumb Code     0  startup_s32k144.o(.text)
    DMA9_IRQHandler                          0x00000539   Thumb Code     0  startup_s32k144.o(.text)
    DMA_Error_IRQHandler                     0x00000539   Thumb Code     0  startup_s32k144.o(.text)
    ERM_double_fault_IRQHandler              0x00000539   Thumb Code     0  startup_s32k144.o(.text)
    ERM_single_fault_IRQHandler              0x00000539   Thumb Code     0  startup_s32k144.o(.text)
    FLEXIO_IRQHandler                        0x00000539   Thumb Code     0  startup_s32k144.o(.text)
    FTFC_Fault_IRQHandler                    0x00000539   Thumb Code     0  startup_s32k144.o(.text)
    FTFC_IRQHandler                          0x00000539   Thumb Code     0  startup_s32k144.o(.text)
    FTM0_Ch0_Ch1_IRQHandler                  0x00000539   Thumb Code     0  startup_s32k144.o(.text)
    FTM0_Ch2_Ch3_IRQHandler                  0x00000539   Thumb Code     0  startup_s32k144.o(.text)
    FTM0_Ch4_Ch5_IRQHandler                  0x00000539   Thumb Code     0  startup_s32k144.o(.text)
    FTM0_Ch6_Ch7_IRQHandler                  0x00000539   Thumb Code     0  startup_s32k144.o(.text)
    FTM0_Fault_IRQHandler                    0x00000539   Thumb Code     0  startup_s32k144.o(.text)
    FTM0_Ovf_Reload_IRQHandler               0x00000539   Thumb Code     0  startup_s32k144.o(.text)
    FTM1_Ch0_Ch1_IRQHandler                  0x00000539   Thumb Code     0  startup_s32k144.o(.text)
    FTM1_Ch2_Ch3_IRQHandler                  0x00000539   Thumb Code     0  startup_s32k144.o(.text)
    FTM1_Ch4_Ch5_IRQHandler                  0x00000539   Thumb Code     0  startup_s32k144.o(.text)
    FTM1_Ch6_Ch7_IRQHandler                  0x00000539   Thumb Code     0  startup_s32k144.o(.text)
    FTM1_Fault_IRQHandler                    0x00000539   Thumb Code     0  startup_s32k144.o(.text)
    FTM1_Ovf_Reload_IRQHandler               0x00000539   Thumb Code     0  startup_s32k144.o(.text)
    FTM2_Ch0_Ch1_IRQHandler                  0x00000539   Thumb Code     0  startup_s32k144.o(.text)
    FTM2_Ch2_Ch3_IRQHandler                  0x00000539   Thumb Code     0  startup_s32k144.o(.text)
    FTM2_Ch4_Ch5_IRQHandler                  0x00000539   Thumb Code     0  startup_s32k144.o(.text)
    FTM2_Ch6_Ch7_IRQHandler                  0x00000539   Thumb Code     0  startup_s32k144.o(.text)
    FTM2_Fault_IRQHandler                    0x00000539   Thumb Code     0  startup_s32k144.o(.text)
    FTM2_Ovf_Reload_IRQHandler               0x00000539   Thumb Code     0  startup_s32k144.o(.text)
    FTM3_Ch0_Ch1_IRQHandler                  0x00000539   Thumb Code     0  startup_s32k144.o(.text)
    FTM3_Ch2_Ch3_IRQHandler                  0x00000539   Thumb Code     0  startup_s32k144.o(.text)
    FTM3_Ch4_Ch5_IRQHandler                  0x00000539   Thumb Code     0  startup_s32k144.o(.text)
    FTM3_Ch6_Ch7_IRQHandler                  0x00000539   Thumb Code     0  startup_s32k144.o(.text)
    FTM3_Fault_IRQHandler                    0x00000539   Thumb Code     0  startup_s32k144.o(.text)
    FTM3_Ovf_Reload_IRQHandler               0x00000539   Thumb Code     0  startup_s32k144.o(.text)
    LPI2C0_Master_IRQHandler                 0x00000539   Thumb Code     0  startup_s32k144.o(.text)
    LPI2C0_Slave_IRQHandler                  0x00000539   Thumb Code     0  startup_s32k144.o(.text)
    LPIT0_Ch0_IRQHandler                     0x00000539   Thumb Code     0  startup_s32k144.o(.text)
    LPIT0_Ch1_IRQHandler                     0x00000539   Thumb Code     0  startup_s32k144.o(.text)
    LPIT0_Ch2_IRQHandler                     0x00000539   Thumb Code     0  startup_s32k144.o(.text)
    LPIT0_Ch3_IRQHandler                     0x00000539   Thumb Code     0  startup_s32k144.o(.text)
    LPSPI0_IRQHandler                        0x00000539   Thumb Code     0  startup_s32k144.o(.text)
    LPSPI1_IRQHandler                        0x00000539   Thumb Code     0  startup_s32k144.o(.text)
    LPSPI2_IRQHandler                        0x00000539   Thumb Code     0  startup_s32k144.o(.text)
    LPTMR0_IRQHandler                        0x00000539   Thumb Code     0  startup_s32k144.o(.text)
    LPUART0_RxTx_IRQHandler                  0x00000539   Thumb Code     0  startup_s32k144.o(.text)
    LPUART2_RxTx_IRQHandler                  0x00000539   Thumb Code     0  startup_s32k144.o(.text)
    LVD_LVW_IRQHandler                       0x00000539   Thumb Code     0  startup_s32k144.o(.text)
    MCM_IRQHandler                           0x00000539   Thumb Code     0  startup_s32k144.o(.text)
    PDB0_IRQHandler                          0x00000539   Thumb Code     0  startup_s32k144.o(.text)
    PDB1_IRQHandler                          0x00000539   Thumb Code     0  startup_s32k144.o(.text)
    PORTA_IRQHandler                         0x00000539   Thumb Code     0  startup_s32k144.o(.text)
    PORTB_IRQHandler                         0x00000539   Thumb Code     0  startup_s32k144.o(.text)
    PORTD_IRQHandler                         0x00000539   Thumb Code     0  startup_s32k144.o(.text)
    PORTE_IRQHandler                         0x00000539   Thumb Code     0  startup_s32k144.o(.text)
    RCM_IRQHandler                           0x00000539   Thumb Code     0  startup_s32k144.o(.text)
    RTC_IRQHandler                           0x00000539   Thumb Code     0  startup_s32k144.o(.text)
    RTC_Seconds_IRQHandler                   0x00000539   Thumb Code     0  startup_s32k144.o(.text)
    Read_Collision_IRQHandler                0x00000539   Thumb Code     0  startup_s32k144.o(.text)
    Reserved100_IRQHandler                   0x00000539   Thumb Code     0  startup_s32k144.o(.text)
    Reserved103_IRQHandler                   0x00000539   Thumb Code     0  startup_s32k144.o(.text)
    Reserved105_IRQHandler                   0x00000539   Thumb Code     0  startup_s32k144.o(.text)
    Reserved106_IRQHandler                   0x00000539   Thumb Code     0  startup_s32k144.o(.text)
    Reserved107_IRQHandler                   0x00000539   Thumb Code     0  startup_s32k144.o(.text)
    Reserved110_IRQHandler                   0x00000539   Thumb Code     0  startup_s32k144.o(.text)
    Reserved112_IRQHandler                   0x00000539   Thumb Code     0  startup_s32k144.o(.text)
    Reserved113_IRQHandler                   0x00000539   Thumb Code     0  startup_s32k144.o(.text)
    Reserved114_IRQHandler                   0x00000539   Thumb Code     0  startup_s32k144.o(.text)
    Reserved45_IRQHandler                    0x00000539   Thumb Code     0  startup_s32k144.o(.text)
    Reserved46_IRQHandler                    0x00000539   Thumb Code     0  startup_s32k144.o(.text)
    Reserved48_IRQHandler                    0x00000539   Thumb Code     0  startup_s32k144.o(.text)
    Reserved50_IRQHandler                    0x00000539   Thumb Code     0  startup_s32k144.o(.text)
    Reserved52_IRQHandler                    0x00000539   Thumb Code     0  startup_s32k144.o(.text)
    Reserved53_IRQHandler                    0x00000539   Thumb Code     0  startup_s32k144.o(.text)
    Reserved54_IRQHandler                    0x00000539   Thumb Code     0  startup_s32k144.o(.text)
    Reserved58_IRQHandler                    0x00000539   Thumb Code     0  startup_s32k144.o(.text)
    Reserved59_IRQHandler                    0x00000539   Thumb Code     0  startup_s32k144.o(.text)
    Reserved69_IRQHandler                    0x00000539   Thumb Code     0  startup_s32k144.o(.text)
    Reserved70_IRQHandler                    0x00000539   Thumb Code     0  startup_s32k144.o(.text)
    Reserved71_IRQHandler                    0x00000539   Thumb Code     0  startup_s32k144.o(.text)
    Reserved72_IRQHandler                    0x00000539   Thumb Code     0  startup_s32k144.o(.text)
    Reserved81_IRQHandler                    0x00000539   Thumb Code     0  startup_s32k144.o(.text)
    Reserved82_IRQHandler                    0x00000539   Thumb Code     0  startup_s32k144.o(.text)
    Reserved83_IRQHandler                    0x00000539   Thumb Code     0  startup_s32k144.o(.text)
    Reserved86_IRQHandler                    0x00000539   Thumb Code     0  startup_s32k144.o(.text)
    Reserved87_IRQHandler                    0x00000539   Thumb Code     0  startup_s32k144.o(.text)
    Reserved88_IRQHandler                    0x00000539   Thumb Code     0  startup_s32k144.o(.text)
    Reserved89_IRQHandler                    0x00000539   Thumb Code     0  startup_s32k144.o(.text)
    Reserved90_IRQHandler                    0x00000539   Thumb Code     0  startup_s32k144.o(.text)
    Reserved91_IRQHandler                    0x00000539   Thumb Code     0  startup_s32k144.o(.text)
    Reserved92_IRQHandler                    0x00000539   Thumb Code     0  startup_s32k144.o(.text)
    Reserved93_IRQHandler                    0x00000539   Thumb Code     0  startup_s32k144.o(.text)
    Reserved99_IRQHandler                    0x00000539   Thumb Code     0  startup_s32k144.o(.text)
    SCG_IRQHandler                           0x00000539   Thumb Code     0  startup_s32k144.o(.text)
    SWI_IRQHandler                           0x00000539   Thumb Code     0  startup_s32k144.o(.text)
    WDOG_EWM_IRQHandler                      0x00000539   Thumb Code     0  startup_s32k144.o(.text)
    exit                                     0x00000551   Thumb Code    18  exit.o(.text)
    __I$use$semihosting                      0x00000563   Thumb Code     0  use_no_semi.o(.text)
    __use_no_semihosting_swi                 0x00000563   Thumb Code     2  use_no_semi.o(.text)
    __semihosting_library_function           0x00000565   Thumb Code     0  indicate_semi.o(.text)
    _sys_exit                                0x00000565   Thumb Code     8  sys_exit.o(.text)
    Clock_init                               0x00000571   Thumb Code   146  lpuart.o(.text.Clock_init)
    LPSPI1_send_char                         0x00000605   Thumb Code    44  lspi.o(.text.LPSPI1_send_char)
    LPSPI_init                               0x00000631   Thumb Code   218  lspi.o(.text.LPSPI_init)
    LPUART1_RxTx_IRQHandler                  0x0000070d   Thumb Code     8  lpuart.o(.text.LPUART1_RxTx_IRQHandler)
    LPUART_init                              0x00000715   Thumb Code   170  lpuart.o(.text.LPUART_init)
    PORTC_IRQHandler                         0x000007c1   Thumb Code   102  gpio.o(.text.PORTC_IRQHandler)
    Softtimer_MainFunction                   0x00000829   Thumb Code   214  softimer.o(.text.Softtimer_MainFunction)
    Softtimer_Start                          0x00000901   Thumb Code    98  softimer.o(.text.Softtimer_Start)
    Stop_SoftimerMainFuction                 0x00000965   Thumb Code    28  softimer.o(.text.Stop_SoftimerMainFuction)
    SysTick_Handler                          0x00000981   Thumb Code    16  softimer.o(.text.SysTick_Handler)
    SystemInit                               0x00000991   Thumb Code    82  system_s32k144.o(.text.SystemInit)
    Uart_RxMainFunction                      0x000009e5   Thumb Code   136  lpuart.o(.text.Uart_RxMainFunction)
    check_CompleteReceive                    0x00000a6d   Thumb Code    52  lpuart.o(.text.check_CompleteReceive)
    check_error                              0x00000aa1   Thumb Code   116  lspi.o(.text.check_error)
    count_up                                 0x00000b15   Thumb Code   110  lspi.o(.text.count_up)
    dequeue                                  0x00000b85   Thumb Code    40  lpuart.o(.text.dequeue)
    init_Systick                             0x00000bad   Thumb Code    50  softimer.o(.text.init_Systick)
    init_button                              0x00000be1   Thumb Code   122  gpio.o(.text.init_button)
    init_data_bss                            0x00000c5d   Thumb Code   160  startup.o(.text.init_data_bss)
    init_led                                 0x00000cfd   Thumb Code   102  gpio.o(.text.init_led)
    init_softimer                            0x00000d65   Thumb Code    86  softimer.o(.text.init_softimer)
    is_empty                                 0x00000dbd   Thumb Code    42  lpuart.o(.text.is_empty)
    is_time_to_alarm                         0x00000de9   Thumb Code   160  lspi.o(.text.is_time_to_alarm)
    led_program                              0x00000e89   Thumb Code   160  gpio.o(.text.led_program)
    main                                     0x00000f29   Thumb Code   224  main.o(.text.main)
    save                                     0x00001009   Thumb Code   560  lspi.o(.text.save)
    send_error                               0x00001239   Thumb Code    46  lspi.o(.text.send_error)
    send_to_7led                             0x00001269   Thumb Code   190  lspi.o(.text.send_to_7led)
    setup_7led                               0x00001329   Thumb Code   122  lspi.o(.text.setup_7led)
    turn_off_led                             0x000013a5   Thumb Code    30  gpio.o(.text.turn_off_led)
    turn_on_led                              0x000013c5   Thumb Code    30  gpio.o(.text.turn_on_led)
    _fp_init                                 0x000013e3   Thumb Code    26  fpinit.o(x$fpl$fpinit)
    __fplib_config_fpu_vfp                   0x000013fb   Thumb Code     0  fpinit.o(x$fpl$fpinit)
    __fplib_config_pureend_doubles           0x000013fb   Thumb Code     0  fpinit.o(x$fpl$fpinit)
    Region$$Table$$Base                      0x000013fc   Number         0  anon$$obj.o(Region$$Table)
    Image$$ER_m_text$$Limit                  0x0000141c   Number         0  anon$$obj.o ABSOLUTE
    Region$$Table$$Limit                     0x0000141c   Number         0  anon$$obj.o(Region$$Table)
    Image$$VECTOR_RAM$$Base                  0x1fff8000   Number         0  anon$$obj.o ABSOLUTE
    Image$$RW_m_data$$Base                   0x1fff8400   Number         0  anon$$obj.o ABSOLUTE
    _rx_buffer                               0x1fff8400   Data           4  lpuart.o(.data._rx_buffer)
    led_state                                0x1fff8404   Data           4  gpio.o(.data.led_state)
    receive_state                            0x1fff8408   Data           1  lpuart.o(.data.receive_state)
    rx_buffer                                0x1fff840c   Data          72  lpuart.o(.data.rx_buffer)
    Image$$RW_m_code$$Base                   0x1fff8454   Number         0  anon$$obj.o ABSOLUTE
    Image$$RW_m_code$$Limit                  0x1fff8454   Number         0  anon$$obj.o ABSOLUTE
    Image$$RW_m_data$$Limit                  0x1fff8454   Number         0  anon$$obj.o ABSOLUTE
    Image$$RW_m_custom_section$$Base         0x20000000   Number         0  anon$$obj.o ABSOLUTE
    Image$$RW_m_custom_section$$Limit        0x20000000   Number         0  anon$$obj.o ABSOLUTE
    Image$$RW_m_data_2$$ZI$$Base             0x20000000   Number         0  anon$$obj.o ABSOLUTE
    hh                                       0x20000054   Data           2  lspi.o(.bss.hh)
    hhh                                      0x20000056   Data           2  lspi.o(.bss.hhh)
    mm                                       0x20000058   Data           2  lspi.o(.bss.mm)
    mmm                                      0x2000005a   Data           2  lspi.o(.bss.mmm)
    mode                                     0x2000005c   Data           1  lspi.o(.bss.mode)
    number1                                  0x2000005d   Data           1  lspi.o(.bss.number1)
    number11                                 0x2000005e   Data           1  lspi.o(.bss.number11)
    number2                                  0x2000005f   Data           1  lspi.o(.bss.number2)
    number22                                 0x20000060   Data           1  lspi.o(.bss.number22)
    number3                                  0x20000061   Data           1  lspi.o(.bss.number3)
    number33                                 0x20000062   Data           1  lspi.o(.bss.number33)
    number4                                  0x20000063   Data           1  lspi.o(.bss.number4)
    number44                                 0x20000064   Data           1  lspi.o(.bss.number44)
    number5                                  0x20000065   Data           1  lspi.o(.bss.number5)
    number55                                 0x20000066   Data           1  lspi.o(.bss.number55)
    number6                                  0x20000067   Data           1  lspi.o(.bss.number6)
    number66                                 0x20000068   Data           1  lspi.o(.bss.number66)
    number7                                  0x20000069   Data           1  lspi.o(.bss.number7)
    number77                                 0x2000006a   Data           1  lspi.o(.bss.number77)
    number8                                  0x2000006b   Data           1  lspi.o(.bss.number8)
    number88                                 0x2000006c   Data           1  lspi.o(.bss.number88)
    ss                                       0x2000006e   Data           2  lspi.o(.bss.ss)
    sss                                      0x20000070   Data           2  lspi.o(.bss.sss)
    Image$$ARM_LIB_HEAP$$ZI$$Base            0x20000074   Number         0  anon$$obj.o ABSOLUTE
    Image$$RW_m_data_2$$ZI$$Limit            0x20000074   Number         0  anon$$obj.o ABSOLUTE
    Image$$ARM_LIB_HEAP$$ZI$$Limit           0x20000474   Number         0  anon$$obj.o ABSOLUTE
    Image$$ARM_LIB_STACK$$Limit              0x20006c00   Number         0  anon$$obj.o ABSOLUTE
    Image$$ARM_LIB_STACK$$ZI$$Limit          0x20007000   Number         0  anon$$obj.o ABSOLUTE



==============================================================================

Memory Map of the image

  Image Entry point : 0x00000415

  Load Region LR_m_text (Base: 0x00000000, Size: 0x00001470, Max: 0x00080000, ABSOLUTE)

    Execution Region VECTOR_ROM (Exec base: 0x00000000, Load base: 0x00000000, Size: 0x00000230, Max: 0x00000400, ABSOLUTE)

    Exec Addr    Load Addr    Size         Type   Attr      Idx    E Section Name        Object

    0x00000000   0x00000000   0x00000230   Data   RO          158    RESET               startup_s32k144.o


    Execution Region ER_m_flash_config (Exec base: 0x00000400, Load base: 0x00000400, Size: 0x00000010, Max: 0x00000010, ABSOLUTE, FIXED)

    Exec Addr    Load Addr    Size         Type   Attr      Idx    E Section Name        Object

    0x00000400   0x00000400   0x00000010   Data   RO          159    FlashConfig         startup_s32k144.o


    Execution Region ER_m_text_const (Exec base: 0x00000410, Load base: 0x00000410, Size: 0x00000004, Max: 0xffffffff, ABSOLUTE)

    Exec Addr    Load Addr    Size         Type   Attr      Idx    E Section Name        Object

    0x00000410   0x00000410   0x00000004   Data   RO          151    .rodata.s_vectors   startup.o


    Execution Region ER_m_text (Exec base: 0x00000414, Load base: 0x00000414, Size: 0x00001008, Max: 0x0007fbf0, ABSOLUTE)

    Exec Addr    Load Addr    Size         Type   Attr      Idx    E Section Name        Object

    0x00000414   0x00000414   0x00000008   Code   RO          182  * !!!main             c_w.l(__main.o)
    0x0000041c   0x0000041c   0x00000034   Code   RO          360    !!!scatter          c_w.l(__scatter.o)
    0x00000450   0x00000450   0x0000001a   Code   RO          362    !!handler_copy      c_w.l(__scatter_copy.o)
    0x0000046a   0x0000046a   0x00000002   PAD
    0x0000046c   0x0000046c   0x0000001c   Code   RO          364    !!handler_zi        c_w.l(__scatter_zi.o)
    0x00000488   0x00000488   0x00000002   Code   RO          214    .ARM.Collect$$libinit$$00000000  c_w.l(libinit.o)
    0x0000048a   0x0000048a   0x00000004   Code   RO          224    .ARM.Collect$$libinit$$00000001  c_w.l(libinit2.o)
    0x0000048e   0x0000048e   0x00000000   Code   RO          227    .ARM.Collect$$libinit$$00000004  c_w.l(libinit2.o)
    0x0000048e   0x0000048e   0x00000000   Code   RO          229    .ARM.Collect$$libinit$$00000006  c_w.l(libinit2.o)
    0x0000048e   0x0000048e   0x00000000   Code   RO          232    .ARM.Collect$$libinit$$0000000C  c_w.l(libinit2.o)
    0x0000048e   0x0000048e   0x00000000   Code   RO          234    .ARM.Collect$$libinit$$0000000E  c_w.l(libinit2.o)
    0x0000048e   0x0000048e   0x00000000   Code   RO          236    .ARM.Collect$$libinit$$00000010  c_w.l(libinit2.o)
    0x0000048e   0x0000048e   0x00000000   Code   RO          239    .ARM.Collect$$libinit$$00000013  c_w.l(libinit2.o)
    0x0000048e   0x0000048e   0x00000000   Code   RO          241    .ARM.Collect$$libinit$$00000015  c_w.l(libinit2.o)
    0x0000048e   0x0000048e   0x00000000   Code   RO          243    .ARM.Collect$$libinit$$00000017  c_w.l(libinit2.o)
    0x0000048e   0x0000048e   0x00000000   Code   RO          245    .ARM.Collect$$libinit$$00000019  c_w.l(libinit2.o)
    0x0000048e   0x0000048e   0x00000000   Code   RO          247    .ARM.Collect$$libinit$$0000001B  c_w.l(libinit2.o)
    0x0000048e   0x0000048e   0x00000000   Code   RO          249    .ARM.Collect$$libinit$$0000001D  c_w.l(libinit2.o)
    0x0000048e   0x0000048e   0x00000000   Code   RO          251    .ARM.Collect$$libinit$$0000001F  c_w.l(libinit2.o)
    0x0000048e   0x0000048e   0x00000000   Code   RO          253    .ARM.Collect$$libinit$$00000021  c_w.l(libinit2.o)
    0x0000048e   0x0000048e   0x00000000   Code   RO          255    .ARM.Collect$$libinit$$00000023  c_w.l(libinit2.o)
    0x0000048e   0x0000048e   0x00000000   Code   RO          257    .ARM.Collect$$libinit$$00000025  c_w.l(libinit2.o)
    0x0000048e   0x0000048e   0x00000000   Code   RO          259    .ARM.Collect$$libinit$$00000027  c_w.l(libinit2.o)
    0x0000048e   0x0000048e   0x00000000   Code   RO          263    .ARM.Collect$$libinit$$0000002E  c_w.l(libinit2.o)
    0x0000048e   0x0000048e   0x00000000   Code   RO          265    .ARM.Collect$$libinit$$00000030  c_w.l(libinit2.o)
    0x0000048e   0x0000048e   0x00000000   Code   RO          267    .ARM.Collect$$libinit$$00000032  c_w.l(libinit2.o)
    0x0000048e   0x0000048e   0x00000000   Code   RO          269    .ARM.Collect$$libinit$$00000034  c_w.l(libinit2.o)
    0x0000048e   0x0000048e   0x00000002   Code   RO          270    .ARM.Collect$$libinit$$00000035  c_w.l(libinit2.o)
    0x00000490   0x00000490   0x00000002   Code   RO          299    .ARM.Collect$$libshutdown$$00000000  c_w.l(libshutdown.o)
    0x00000492   0x00000492   0x00000000   Code   RO          311    .ARM.Collect$$libshutdown$$00000002  c_w.l(libshutdown2.o)
    0x00000492   0x00000492   0x00000000   Code   RO          313    .ARM.Collect$$libshutdown$$00000004  c_w.l(libshutdown2.o)
    0x00000492   0x00000492   0x00000000   Code   RO          316    .ARM.Collect$$libshutdown$$00000007  c_w.l(libshutdown2.o)
    0x00000492   0x00000492   0x00000000   Code   RO          319    .ARM.Collect$$libshutdown$$0000000A  c_w.l(libshutdown2.o)
    0x00000492   0x00000492   0x00000000   Code   RO          321    .ARM.Collect$$libshutdown$$0000000C  c_w.l(libshutdown2.o)
    0x00000492   0x00000492   0x00000000   Code   RO          324    .ARM.Collect$$libshutdown$$0000000F  c_w.l(libshutdown2.o)
    0x00000492   0x00000492   0x00000002   Code   RO          325    .ARM.Collect$$libshutdown$$00000010  c_w.l(libshutdown2.o)
    0x00000494   0x00000494   0x00000000   Code   RO          184    .ARM.Collect$$rtentry$$00000000  c_w.l(__rtentry.o)
    0x00000494   0x00000494   0x00000000   Code   RO          186    .ARM.Collect$$rtentry$$00000002  c_w.l(__rtentry2.o)
    0x00000494   0x00000494   0x00000004   Code   RO          200    .ARM.Collect$$rtentry$$00000007  c_w.l(__rtentry7.o)
    0x00000498   0x00000498   0x00000000   Code   RO          188    .ARM.Collect$$rtentry$$00000009  c_w.l(__rtentry2.o)
    0x00000498   0x00000498   0x00000004   Code   RO          189    .ARM.Collect$$rtentry$$0000000A  c_w.l(__rtentry2.o)
    0x0000049c   0x0000049c   0x00000000   Code   RO          191    .ARM.Collect$$rtentry$$0000000C  c_w.l(__rtentry2.o)
    0x0000049c   0x0000049c   0x00000008   Code   RO          192    .ARM.Collect$$rtentry$$0000000D  c_w.l(__rtentry2.o)
    0x000004a4   0x000004a4   0x00000004   Code   RO          201    .ARM.Collect$$rtentry$$00002718  c_w.l(__rtentry7.o)
    0x000004a8   0x000004a8   0x00000002   Code   RO          222    .ARM.Collect$$rtexit$$00000000  c_w.l(rtexit.o)
    0x000004aa   0x000004aa   0x00000000   Code   RO          279    .ARM.Collect$$rtexit$$00000002  c_w.l(rtexit2.o)
    0x000004aa   0x000004aa   0x00000004   Code   RO          280    .ARM.Collect$$rtexit$$00000003  c_w.l(rtexit2.o)
    0x000004ae   0x000004ae   0x00000006   Code   RO          281    .ARM.Collect$$rtexit$$00000004  c_w.l(rtexit2.o)
    0x000004b4   0x000004b4   0x0000009c   Code   RO          157    .text               startup_s32k144.o
    0x00000550   0x00000550   0x00000012   Code   RO          207    .text               c_w.l(exit.o)
    0x00000562   0x00000562   0x00000002   Code   RO          275    .text               c_w.l(use_no_semi.o)
    0x00000564   0x00000564   0x00000000   Code   RO          277    .text               c_w.l(indicate_semi.o)
    0x00000564   0x00000564   0x0000000c   Code   RO          289    .text               c_w.l(sys_exit.o)
    0x00000570   0x00000570   0x00000092   Code   RO           16    .text.Clock_init    lpuart.o
    0x00000602   0x00000602   0x00000002   PAD
    0x00000604   0x00000604   0x0000002c   Code   RO           54    .text.LPSPI1_send_char  lspi.o
    0x00000630   0x00000630   0x000000da   Code   RO           52    .text.LPSPI_init    lspi.o
    0x0000070a   0x0000070a   0x00000002   PAD
    0x0000070c   0x0000070c   0x00000008   Code   RO           18    .text.LPUART1_RxTx_IRQHandler  lpuart.o
    0x00000714   0x00000714   0x000000aa   Code   RO           14    .text.LPUART_init   lpuart.o
    0x000007be   0x000007be   0x00000002   PAD
    0x000007c0   0x000007c0   0x00000066   Code   RO          137    .text.PORTC_IRQHandler  gpio.o
    0x00000826   0x00000826   0x00000002   PAD
    0x00000828   0x00000828   0x000000d6   Code   RO          112    .text.Softtimer_MainFunction  softimer.o
    0x000008fe   0x000008fe   0x00000002   PAD
    0x00000900   0x00000900   0x00000062   Code   RO          108    .text.Softtimer_Start  softimer.o
    0x00000962   0x00000962   0x00000002   PAD
    0x00000964   0x00000964   0x0000001c   Code   RO          114    .text.Stop_SoftimerMainFuction  softimer.o
    0x00000980   0x00000980   0x00000010   Code   RO          104    .text.SysTick_Handler  softimer.o
    0x00000990   0x00000990   0x00000052   Code   RO          166    .text.SystemInit    system_s32k144.o
    0x000009e2   0x000009e2   0x00000002   PAD
    0x000009e4   0x000009e4   0x00000088   Code   RO           20    .text.Uart_RxMainFunction  lpuart.o
    0x00000a6c   0x00000a6c   0x00000034   Code   RO           22    .text.check_CompleteReceive  lpuart.o
    0x00000aa0   0x00000aa0   0x00000074   Code   RO           62    .text.check_error   lspi.o
    0x00000b14   0x00000b14   0x0000006e   Code   RO           68    .text.count_up      lspi.o
    0x00000b82   0x00000b82   0x00000002   PAD
    0x00000b84   0x00000b84   0x00000028   Code   RO           32    .text.dequeue       lpuart.o
    0x00000bac   0x00000bac   0x00000032   Code   RO          102    .text.init_Systick  softimer.o
    0x00000bde   0x00000bde   0x00000002   PAD
    0x00000be0   0x00000be0   0x0000007a   Code   RO          127    .text.init_button   gpio.o
    0x00000c5a   0x00000c5a   0x00000002   PAD
    0x00000c5c   0x00000c5c   0x000000a0   Code   RO          149    .text.init_data_bss  startup.o
    0x00000cfc   0x00000cfc   0x00000066   Code   RO          125    .text.init_led      gpio.o
    0x00000d62   0x00000d62   0x00000002   PAD
    0x00000d64   0x00000d64   0x00000056   Code   RO          106    .text.init_softimer  softimer.o
    0x00000dba   0x00000dba   0x00000002   PAD
    0x00000dbc   0x00000dbc   0x0000002a   Code   RO           26    .text.is_empty      lpuart.o
    0x00000de6   0x00000de6   0x00000002   PAD
    0x00000de8   0x00000de8   0x000000a0   Code   RO           66    .text.is_time_to_alarm  lspi.o
    0x00000e88   0x00000e88   0x000000a0   Code   RO          135    .text.led_program   gpio.o
    0x00000f28   0x00000f28   0x000000e0   Code   RO            5    .text.main          main.o
    0x00001008   0x00001008   0x00000230   Code   RO           60    .text.save          lspi.o
    0x00001238   0x00001238   0x0000002e   Code   RO           64    .text.send_error    lspi.o
    0x00001266   0x00001266   0x00000002   PAD
    0x00001268   0x00001268   0x000000be   Code   RO           70    .text.send_to_7led  lspi.o
    0x00001326   0x00001326   0x00000002   PAD
    0x00001328   0x00001328   0x0000007a   Code   RO           58    .text.setup_7led    lspi.o
    0x000013a2   0x000013a2   0x00000002   PAD
    0x000013a4   0x000013a4   0x0000001e   Code   RO          131    .text.turn_off_led  gpio.o
    0x000013c2   0x000013c2   0x00000002   PAD
    0x000013c4   0x000013c4   0x0000001e   Code   RO          129    .text.turn_on_led   gpio.o
    0x000013e2   0x000013e2   0x0000001a   Code   RO          287    x$fpl$fpinit        fz_wm.l(fpinit.o)
    0x000013fc   0x000013fc   0x00000020   Data   RO          359    Region$$Table       anon$$obj.o


    Execution Region VECTOR_RAM (Exec base: 0x1fff8000, Load base: 0x00000230, Size: 0x00000400, Max: 0x00000400, ABSOLUTE)

    Exec Addr    Load Addr    Size         Type   Attr      Idx    E Section Name        Object

    0x1fff8000        -       0x00000400   Zero   RW            1    VECTOR_RAM.bss      anon$$obj.o


    Execution Region RW_m_data (Exec base: 0x1fff8400, Load base: 0x0000141c, Size: 0x00000054, Max: 0xffffffff, ABSOLUTE)

    Exec Addr    Load Addr    Size         Type   Attr      Idx    E Section Name        Object

    0x1fff8400   0x0000141c   0x00000004   Data   RW           40    .data._rx_buffer    lpuart.o
    0x1fff8404   0x00001420   0x00000004   Data   RW          139    .data.led_state     gpio.o
    0x1fff8408   0x00001424   0x00000001   Data   RW           43    .data.receive_state  lpuart.o
    0x1fff8409   0x00001425   0x00000003   PAD
    0x1fff840c   0x00001428   0x00000048   Data   RW           38    .data.rx_buffer     lpuart.o


    Execution Region RW_m_code (Exec base: 0x1fff8454, Load base: 0x00001470, Size: 0x00000000, Max: 0x00007c00, ABSOLUTE)

    **** No section assigned to this execution region ****


    Execution Region RW_m_custom_section (Exec base: 0x20000000, Load base: 0x00001470, Size: 0x00000000, Max: 0xffffffff, ABSOLUTE)

    **** No section assigned to this execution region ****


    Execution Region RW_m_data_2 (Exec base: 0x20000000, Load base: 0x00001470, Size: 0x00000074, Max: 0x00006800, ABSOLUTE)

    Exec Addr    Load Addr    Size         Type   Attr      Idx    E Section Name        Object

    0x20000000        -       0x00000004   Zero   RW          116    .bss.TimeCountMs    softimer.o
    0x20000004        -       0x00000050   Zero   RW          117    .bss.Timer          softimer.o
    0x20000054        -       0x00000002   Zero   RW           75    .bss.hh             lspi.o
    0x20000056        -       0x00000002   Zero   RW           86    .bss.hhh            lspi.o
    0x20000058        -       0x00000002   Zero   RW           74    .bss.mm             lspi.o
    0x2000005a        -       0x00000002   Zero   RW           85    .bss.mmm            lspi.o
    0x2000005c        -       0x00000001   Zero   RW           72    .bss.mode           lspi.o
    0x2000005d        -       0x00000001   Zero   RW           76    .bss.number1        lspi.o
    0x2000005e        -       0x00000001   Zero   RW           87    .bss.number11       lspi.o
    0x2000005f        -       0x00000001   Zero   RW           77    .bss.number2        lspi.o
    0x20000060        -       0x00000001   Zero   RW           88    .bss.number22       lspi.o
    0x20000061        -       0x00000001   Zero   RW           78    .bss.number3        lspi.o
    0x20000062        -       0x00000001   Zero   RW           89    .bss.number33       lspi.o
    0x20000063        -       0x00000001   Zero   RW           79    .bss.number4        lspi.o
    0x20000064        -       0x00000001   Zero   RW           90    .bss.number44       lspi.o
    0x20000065        -       0x00000001   Zero   RW           80    .bss.number5        lspi.o
    0x20000066        -       0x00000001   Zero   RW           91    .bss.number55       lspi.o
    0x20000067        -       0x00000001   Zero   RW           81    .bss.number6        lspi.o
    0x20000068        -       0x00000001   Zero   RW           92    .bss.number66       lspi.o
    0x20000069        -       0x00000001   Zero   RW           82    .bss.number7        lspi.o
    0x2000006a        -       0x00000001   Zero   RW           93    .bss.number77       lspi.o
    0x2000006b        -       0x00000001   Zero   RW           83    .bss.number8        lspi.o
    0x2000006c        -       0x00000001   Zero   RW           94    .bss.number88       lspi.o
    0x2000006d   0x00001470   0x00000001   PAD
    0x2000006e        -       0x00000002   Zero   RW           73    .bss.ss             lspi.o
    0x20000070        -       0x00000002   Zero   RW           84    .bss.sss            lspi.o


    Execution Region ARM_LIB_HEAP (Exec base: 0x20000074, Load base: 0x00001470, Size: 0x00000400, Max: 0x00000400, ABSOLUTE)

    Exec Addr    Load Addr    Size         Type   Attr      Idx    E Section Name        Object

    0x20000074        -       0x00000400   Zero   RW            2    ARM_LIB_HEAP.bss    anon$$obj.o


    Execution Region ARM_LIB_STACK (Exec base: 0x20006c00, Load base: 0x00001470, Size: 0x00000400, Max: 0x00000400, ABSOLUTE)

    Exec Addr    Load Addr    Size         Type   Attr      Idx    E Section Name        Object

    0x20006c00        -       0x00000400   Zero   RW            3    ARM_LIB_STACK.bss   anon$$obj.o


==============================================================================

Image component sizes


      Code (inc. data)   RO Data    RW Data    ZI Data      Debug   Object Name

       546          0          0          4          0       2107   gpio.o
       594          0          0         77          0       4095   lpuart.o
      1566          0          0          0         29       3434   lspi.o
       224          0          0          0          0        571   main.o
       492          0          0          0         84       1914   softimer.o
       160          0          4          0          0       1076   startup.o
       156        106        576          0          0        932   startup_s32k144.o
        82          0          0          0          0       2845   system_s32k144.o

    ----------------------------------------------------------------------
      3854        106        612         84       3188      16974   Object Totals
         0          0         32          0       3072          0   (incl. Generated)
        34          0          0          3          3          0   (incl. Padding)

    ----------------------------------------------------------------------

      Code (inc. data)   RO Data    RW Data    ZI Data      Debug   Library Member Name

         8          0          0          0          0         68   __main.o
         0          0          0          0          0          0   __rtentry.o
        12          0          0          0          0          0   __rtentry2.o
         8          4          0          0          0          0   __rtentry7.o
        52          8          0          0          0          0   __scatter.o
        26          0          0          0          0          0   __scatter_copy.o
        28          0          0          0          0          0   __scatter_zi.o
        18          0          0          0          0         80   exit.o
         0          0          0          0          0          0   indicate_semi.o
         2          0          0          0          0          0   libinit.o
         6          0          0          0          0          0   libinit2.o
         2          0          0          0          0          0   libshutdown.o
         2          0          0          0          0          0   libshutdown2.o
         2          0          0          0          0          0   rtexit.o
        10          0          0          0          0          0   rtexit2.o
        12          4          0          0          0         68   sys_exit.o
         2          0          0          0          0         68   use_no_semi.o
        26          0          0          0          0        116   fpinit.o

    ----------------------------------------------------------------------
       218         16          0          0          0        400   Library Totals
         2          0          0          0          0          0   (incl. Padding)

    ----------------------------------------------------------------------

      Code (inc. data)   RO Data    RW Data    ZI Data      Debug   Library Name

       190         16          0          0          0        284   c_w.l
        26          0          0          0          0        116   fz_wm.l

    ----------------------------------------------------------------------
       218         16          0          0          0        400   Library Totals

    ----------------------------------------------------------------------

==============================================================================


      Code (inc. data)   RO Data    RW Data    ZI Data      Debug   

      4072        122        612         84       3188      17254   Grand Totals
      4072        122        612         84       3188      17254   ELF Image Totals
      4072        122        612         84          0          0   ROM Totals

==============================================================================

    Total RO  Size (Code + RO Data)                 4684 (   4.57kB)
    Total RW  Size (RW Data + ZI Data)              3272 (   3.20kB)
    Total ROM Size (Code + RO Data + RW Data)       4768 (   4.66kB)

==============================================================================

